Component: ARM Compiler 5.06 update 2 (build 183) Tool: armlink [4d35b7]

==============================================================================

Section Cross References

    stm32l1xx_hal_flash_ramfunc.o(i.HAL_FLASHEx_DATAEEPROM_EraseDoubleWord) refers to stm32l1xx_hal_flash_ramfunc.o(i.FLASHRAM_WaitForLastOperation) for FLASHRAM_WaitForLastOperation
    stm32l1xx_hal_flash_ramfunc.o(i.HAL_FLASHEx_DATAEEPROM_ProgramDoubleWord) refers to stm32l1xx_hal_flash_ramfunc.o(i.FLASHRAM_WaitForLastOperation) for FLASHRAM_WaitForLastOperation
    stm32l1xx_hal_flash_ramfunc.o(i.HAL_FLASHEx_HalfPageProgram) refers to stm32l1xx_hal_flash_ramfunc.o(i.FLASHRAM_WaitForLastOperation) for FLASHRAM_WaitForLastOperation
    stm32l1xx_hal_flash_ex.o(i.FLASH_DATAEEPROM_FastProgramByte) refers to stm32l1xx_hal_flash.o(i.FLASH_WaitForLastOperation) for FLASH_WaitForLastOperation
    stm32l1xx_hal_flash_ex.o(i.FLASH_DATAEEPROM_FastProgramByte) refers to stm32l1xx_hal_flash_ex.o(i.HAL_FLASHEx_DATAEEPROM_Erase) for HAL_FLASHEx_DATAEEPROM_Erase
    stm32l1xx_hal_flash_ex.o(i.FLASH_DATAEEPROM_FastProgramByte) refers to stm32l1xx_hal_flash_ex.o(i.HAL_FLASHEx_DATAEEPROM_Program) for HAL_FLASHEx_DATAEEPROM_Program
    stm32l1xx_hal_flash_ex.o(i.FLASH_DATAEEPROM_FastProgramByte) refers to stm32l1xx_hal_flash.o(.bss) for pFlash
    stm32l1xx_hal_flash_ex.o(i.FLASH_DATAEEPROM_FastProgramHalfWord) refers to stm32l1xx_hal_flash.o(i.FLASH_WaitForLastOperation) for FLASH_WaitForLastOperation
    stm32l1xx_hal_flash_ex.o(i.FLASH_DATAEEPROM_FastProgramHalfWord) refers to stm32l1xx_hal_flash_ex.o(i.HAL_FLASHEx_DATAEEPROM_Erase) for HAL_FLASHEx_DATAEEPROM_Erase
    stm32l1xx_hal_flash_ex.o(i.FLASH_DATAEEPROM_FastProgramHalfWord) refers to stm32l1xx_hal_flash_ex.o(i.HAL_FLASHEx_DATAEEPROM_Program) for HAL_FLASHEx_DATAEEPROM_Program
    stm32l1xx_hal_flash_ex.o(i.FLASH_DATAEEPROM_FastProgramHalfWord) refers to stm32l1xx_hal_flash.o(.bss) for pFlash
    stm32l1xx_hal_flash_ex.o(i.FLASH_DATAEEPROM_ProgramByte) refers to stm32l1xx_hal_flash.o(i.FLASH_WaitForLastOperation) for FLASH_WaitForLastOperation
    stm32l1xx_hal_flash_ex.o(i.FLASH_DATAEEPROM_ProgramByte) refers to stm32l1xx_hal_flash_ex.o(i.HAL_FLASHEx_DATAEEPROM_Erase) for HAL_FLASHEx_DATAEEPROM_Erase
    stm32l1xx_hal_flash_ex.o(i.FLASH_DATAEEPROM_ProgramByte) refers to stm32l1xx_hal_flash_ex.o(i.HAL_FLASHEx_DATAEEPROM_Program) for HAL_FLASHEx_DATAEEPROM_Program
    stm32l1xx_hal_flash_ex.o(i.FLASH_DATAEEPROM_ProgramByte) refers to stm32l1xx_hal_flash.o(.bss) for pFlash
    stm32l1xx_hal_flash_ex.o(i.FLASH_DATAEEPROM_ProgramHalfWord) refers to stm32l1xx_hal_flash.o(i.FLASH_WaitForLastOperation) for FLASH_WaitForLastOperation
    stm32l1xx_hal_flash_ex.o(i.FLASH_DATAEEPROM_ProgramHalfWord) refers to stm32l1xx_hal_flash_ex.o(i.HAL_FLASHEx_DATAEEPROM_Erase) for HAL_FLASHEx_DATAEEPROM_Erase
    stm32l1xx_hal_flash_ex.o(i.FLASH_DATAEEPROM_ProgramHalfWord) refers to stm32l1xx_hal_flash_ex.o(i.HAL_FLASHEx_DATAEEPROM_Program) for HAL_FLASHEx_DATAEEPROM_Program
    stm32l1xx_hal_flash_ex.o(i.FLASH_DATAEEPROM_ProgramHalfWord) refers to stm32l1xx_hal_flash.o(.bss) for pFlash
    stm32l1xx_hal_flash_ex.o(i.FLASH_OB_WRPConfig) refers to stm32l1xx_hal_flash.o(i.FLASH_WaitForLastOperation) for FLASH_WaitForLastOperation
    stm32l1xx_hal_flash_ex.o(i.FLASH_OB_WRPConfig) refers to stm32l1xx_hal_flash.o(.bss) for pFlash
    stm32l1xx_hal_flash_ex.o(i.FLASH_PageErase) refers to stm32l1xx_hal_flash.o(.bss) for pFlash
    stm32l1xx_hal_flash_ex.o(i.HAL_FLASHEx_DATAEEPROM_Erase) refers to stm32l1xx_hal_flash.o(i.FLASH_WaitForLastOperation) for FLASH_WaitForLastOperation
    stm32l1xx_hal_flash_ex.o(i.HAL_FLASHEx_DATAEEPROM_Erase) refers to stm32l1xx_hal_flash.o(.bss) for pFlash
    stm32l1xx_hal_flash_ex.o(i.HAL_FLASHEx_DATAEEPROM_Program) refers to stm32l1xx_hal_flash.o(i.FLASH_WaitForLastOperation) for FLASH_WaitForLastOperation
    stm32l1xx_hal_flash_ex.o(i.HAL_FLASHEx_DATAEEPROM_Program) refers to stm32l1xx_hal_flash_ex.o(i.FLASH_DATAEEPROM_FastProgramByte) for FLASH_DATAEEPROM_FastProgramByte
    stm32l1xx_hal_flash_ex.o(i.HAL_FLASHEx_DATAEEPROM_Program) refers to stm32l1xx_hal_flash_ex.o(i.FLASH_DATAEEPROM_FastProgramHalfWord) for FLASH_DATAEEPROM_FastProgramHalfWord
    stm32l1xx_hal_flash_ex.o(i.HAL_FLASHEx_DATAEEPROM_Program) refers to stm32l1xx_hal_flash_ex.o(i.FLASH_DATAEEPROM_ProgramHalfWord) for FLASH_DATAEEPROM_ProgramHalfWord
    stm32l1xx_hal_flash_ex.o(i.HAL_FLASHEx_DATAEEPROM_Program) refers to stm32l1xx_hal_flash_ex.o(i.FLASH_DATAEEPROM_ProgramByte) for FLASH_DATAEEPROM_ProgramByte
    stm32l1xx_hal_flash_ex.o(i.HAL_FLASHEx_DATAEEPROM_Program) refers to stm32l1xx_hal_flash.o(.bss) for pFlash
    stm32l1xx_hal_flash_ex.o(i.HAL_FLASHEx_Erase) refers to stm32l1xx_hal_flash.o(i.FLASH_WaitForLastOperation) for FLASH_WaitForLastOperation
    stm32l1xx_hal_flash_ex.o(i.HAL_FLASHEx_Erase) refers to stm32l1xx_hal_flash_ex.o(i.FLASH_PageErase) for FLASH_PageErase
[...]
    Removing queue.o(i.uxQueueSpacesAvailable), (30 bytes).
    Removing queue.o(i.vQueueAddToRegistry), (40 bytes).
    Removing queue.o(i.vQueueDelete), (26 bytes).
    Removing queue.o(i.vQueueSetQueueNumber), (4 bytes).
    Removing queue.o(i.vQueueUnregisterQueue), (36 bytes).
    Removing queue.o(i.xQueueCreateMutex), (74 bytes).
    Removing queue.o(i.xQueueGenericCreate), (80 bytes).
    Removing queue.o(i.xQueueGenericReset), (106 bytes).
    Removing queue.o(i.xQueueGenericSendFromISR), (140 bytes).
    Removing queue.o(i.xQueueIsQueueEmptyFromISR), (22 bytes).
    Removing queue.o(i.xQueueIsQueueFullFromISR), (26 bytes).
    Removing queue.o(i.xQueuePeekFromISR), (82 bytes).
    Removing queue.o(.bss), (64 bytes).
    Removing tasks.o(i.prvListTaskWithinSingleList), (138 bytes).
    Removing tasks.o(i.prvTaskIsTaskSuspended), (44 bytes).
    Removing tasks.o(i.ulTaskNotifyTake), (140 bytes).
    Removing tasks.o(i.uxTaskGetNumberOfTasks), (12 bytes).
    Removing tasks.o(i.uxTaskGetSystemState), (148 bytes).
    Removing tasks.o(i.uxTaskGetTaskNumber), (8 bytes).
    Removing tasks.o(i.uxTaskPriorityGet), (28 bytes).
    Removing tasks.o(i.uxTaskPriorityGetFromISR), (32 bytes).
    Removing tasks.o(i.uxTaskResetEventItemValue), (24 bytes).
    Removing tasks.o(i.vTaskDelete), (140 bytes).
    Removing tasks.o(i.vTaskEndScheduler), (24 bytes).
    Removing tasks.o(i.vTaskNotifyGiveFromISR), (144 bytes).
    Removing tasks.o(i.vTaskPlaceOnUnorderedEventList), (108 bytes).
    Removing tasks.o(i.vTaskPrioritySet), (168 bytes).
    Removing tasks.o(i.vTaskResume), (104 bytes).
    Removing tasks.o(i.vTaskSetTaskNumber), (8 bytes).
    Removing tasks.o(i.vTaskSuspend), (156 bytes).
    Removing tasks.o(i.xTaskGenericNotify), (168 bytes).
    Removing tasks.o(i.xTaskGenericNotifyFromISR), (204 bytes).
    Removing tasks.o(i.xTaskGetCurrentTaskHandle), (12 bytes).
    Removing tasks.o(i.xTaskGetTickCount), (12 bytes).
    Removing tasks.o(i.xTaskGetTickCountFromISR), (16 bytes).
    Removing tasks.o(i.xTaskNotifyStateClear), (48 bytes).
    Removing tasks.o(i.xTaskNotifyWait), (168 bytes).
    Removing tasks.o(i.xTaskRemoveFromUnorderedEventList), (100 bytes).
    Removing tasks.o(i.xTaskResumeFromISR), (120 bytes).
    Removing cleds.o(.rev16_text), (4 bytes).
    Removing cleds.o(.revsh_text), (4 bytes).
    Removing cleds.o(.rrx_text), (6 bytes).
    Removing cleds.o(i.cLEDs_Init), (116 bytes).
    Removing cwifi.o(.rev16_text), (4 bytes).
    Removing cwifi.o(.revsh_text), (4 bytes).
    Removing cwifi.o(.rrx_text), (6 bytes).
    Removing cwifi.o(i.cWIFI_Init), (40 bytes).
    Removing datastruct.o(.rev16_text), (4 bytes).
    Removing datastruct.o(.revsh_text), (4 bytes).
    Removing datastruct.o(.rrx_text), (6 bytes).
    Removing datastruct.o(i.bufferCmp), (34 bytes).
    Removing datastruct.o(i.checkCRC), (4 bytes).
    Removing datastruct.o(i.checkI2CHardAddress), (36 bytes).
    Removing datastruct.o(i.checkI2CSoftAddress), (36 bytes).
    Removing datastruct.o(i.exeCmd), (26 bytes).
    Removing datastruct.o(i.executeCommand), (8 bytes).
    Removing datastruct.o(i.getI2CHardAddress), (6 bytes).
    Removing datastruct.o(i.getI2CSoftAddress), (4 bytes).
    Removing datastruct.o(i.initI2CFrame), (2 bytes).
    Removing datastruct.o(i.parse_I2CFrame), (96 bytes).
    Removing datastruct.o(i.write_I2CFrame), (26 bytes).
    Removing mi2c.o(.rev16_text), (4 bytes).
    Removing mi2c.o(.revsh_text), (4 bytes).
    Removing mi2c.o(.rrx_text), (6 bytes).
    Removing ctask.o(.rev16_text), (4 bytes).
    Removing ctask.o(.revsh_text), (4 bytes).
    Removing ctask.o(.data), (2 bytes).

472 unused section(s) (total 26712 bytes) removed from the image.

==============================================================================

Image Symbol Table

    Local Symbols

    Symbol Name                              Value     Ov Type        Size  Object(Section)

    ../Drivers/CMSIS//Device/ST/STM32L1xx/Source/Templates/system_stm32l1xx.c 0x00000000   Number         0  system_stm32l1xx.o ABSOLUTE
    ../Drivers/STM32L1xx_HAL_Driver/Src/stm32l1xx_hal.c 0x00000000   Number         0  stm32l1xx_hal.o ABSOLUTE
    ../Drivers/STM32L1xx_HAL_Driver/Src/stm32l1xx_hal_cortex.c 0x00000000   Number         0  stm32l1xx_hal_cortex.o ABSOLUTE
    ../Drivers/STM32L1xx_HAL_Driver/Src/stm32l1xx_hal_dma.c 0x00000000   Number         0  stm32l1xx_hal_dma.o ABSOLUTE
    ../Drivers/STM32L1xx_HAL_Driver/Src/stm32l1xx_hal_flash.c 0x00000000   Number         0  stm32l1xx_hal_flash.o ABSOLUTE
    ../Drivers/STM32L1xx_HAL_Driver/Src/stm32l1xx_hal_flash_ex.c 0x00000000   Number         0  stm32l1xx_hal_flash_ex.o ABSOLUTE
    ../Drivers/STM32L1xx_HAL_Driver/Src/stm32l1xx_hal_flash_ramfunc.c 0x00000000   Number         0  stm32l1xx_hal_flash_ramfunc.o ABSOLUTE
    ../Drivers/STM32L1xx_HAL_Driver/Src/stm32l1xx_hal_gpio.c 0x00000000   Number         0  stm32l1xx_hal_gpio.o ABSOLUTE
    ../Drivers/STM32L1xx_HAL_Driver/Src/stm32l1xx_hal_i2c.c 0x00000000   Number         0  stm32l1xx_hal_i2c.o ABSOLUTE
    ../Drivers/STM32L1xx_HAL_Driver/Src/stm32l1xx_hal_pwr.c 0x00000000   Number         0  stm32l1xx_hal_pwr.o ABSOLUTE
    ../Drivers/STM32L1xx_HAL_Driver/Src/stm32l1xx_hal_pwr_ex.c 0x00000000   Number         0  stm32l1xx_hal_pwr_ex.o ABSOLUTE
    ../Drivers/STM32L1xx_HAL_Driver/Src/stm32l1xx_hal_rcc.c 0x00000000   Number         0  stm32l1xx_hal_rcc.o ABSOLUTE
    ../Drivers/STM32L1xx_HAL_Driver/Src/stm32l1xx_hal_rcc_ex.c 0x00000000   Number         0  stm32l1xx_hal_rcc_ex.o ABSOLUTE
    ../Drivers/STM32L1xx_HAL_Driver/Src/stm32l1xx_hal_tim.c 0x00000000   Number         0  stm32l1xx_hal_tim.o ABSOLUTE
    ../Drivers/STM32L1xx_HAL_Driver/Src/stm32l1xx_hal_tim_ex.c 0x00000000   Number         0  stm32l1xx_hal_tim_ex.o ABSOLUTE
    ../Drivers/STM32L1xx_HAL_Driver/Src/stm32l1xx_hal_uart.c 0x00000000   Number         0  stm32l1xx_hal_uart.o ABSOLUTE
    ../Middlewares/Third_Party/FreeRTOS/Source/CMSIS_RTOS/cmsis_os.c 0x00000000   Number         0  cmsis_os.o ABSOLUTE
    ../Middlewares/Third_Party/FreeRTOS/Source/croutine.c 0x00000000   Number         0  croutine.o ABSOLUTE
    ../Middlewares/Third_Party/FreeRTOS/Source/event_groups.c 0x00000000   Number         0  event_groups.o ABSOLUTE
    ../Middlewares/Third_Party/FreeRTOS/Source/list.c 0x00000000   Number         0  list.o ABSOLUTE
    ../Middlewares/Third_Party/FreeRTOS/Source/portable/MemMang/heap_4.c 0x00000000   Number         0  heap_4.o ABSOLUTE
    ../Middlewares/Third_Party/FreeRTOS/Source/portable/RVDS/ARM_CM3/port.c 0x00000000   Number         0  port.o ABSOLUTE
    ../Middlewares/Third_Party/FreeRTOS/Source/queue.c 0x00000000   Number         0  queue.o ABSOLUTE
    ../Middlewares/Third_Party/FreeRTOS/Source/tasks.c 0x00000000   Number         0  tasks.o ABSOLUTE
    ../Middlewares/Third_Party/FreeRTOS/Source/timers.c 0x00000000   Number         0  timers.o ABSOLUTE
    ../Src/dma.c                             0x00000000   Number         0  dma.o ABSOLUTE
    ../Src/freertos.c                        0x00000000   Number         0  freertos.o ABSOLUTE
    ../Src/gpio.c                            0x00000000   Number         0  gpio.o ABSOLUTE
    ../Src/i2c.c                             0x00000000   Number         0  i2c.o ABSOLUTE
    ../Src/main.c                            0x00000000   Number         0  main.o ABSOLUTE
    ../Src/stm32l1xx_hal_msp.c               0x00000000   Number         0  stm32l1xx_hal_msp.o ABSOLUTE
    ../Src/stm32l1xx_hal_timebase_TIM.c      0x00000000   Number         0  stm32l1xx_hal_timebase_tim.o ABSOLUTE
    ../Src/stm32l1xx_it.c                    0x00000000   Number         0  stm32l1xx_it.o ABSOLUTE
    ../Src/usart.c                           0x00000000   Number         0  usart.o ABSOLUTE
    ../clib/microlib/init/entry.s            0x00000000   Number         0  entry10a.o ABSOLUTE
    ../clib/microlib/init/entry.s            0x00000000   Number         0  entry.o ABSOLUTE
    ../clib/microlib/init/entry.s            0x00000000   Number         0  entry5.o ABSOLUTE
    ../clib/microlib/init/entry.s            0x00000000   Number         0  entry9b.o ABSOLUTE
    ../clib/microlib/init/entry.s            0x00000000   Number         0  entry7a.o ABSOLUTE
    ../clib/microlib/init/entry.s            0x00000000   Number         0  entry7b.o ABSOLUTE
    ../clib/microlib/init/entry.s            0x00000000   Number         0  entry8b.o ABSOLUTE
    ../clib/microlib/init/entry.s            0x00000000   Number         0  entry9a.o ABSOLUTE
    ../clib/microlib/init/entry.s            0x00000000   Number         0  entry2.o ABSOLUTE
    ../clib/microlib/init/entry.s            0x00000000   Number         0  entry10b.o ABSOLUTE
    ../clib/microlib/init/entry.s            0x00000000   Number         0  entry11a.o ABSOLUTE
    ../clib/microlib/init/entry.s            0x00000000   Number         0  entry8a.o ABSOLUTE
    ../clib/microlib/init/entry.s            0x00000000   Number         0  entry11b.o ABSOLUTE
    ../clib/microlib/string/memcpy.c         0x00000000   Number         0  memmovea.o ABSOLUTE
    ../clib/microlib/string/memcpy.c         0x00000000   Number         0  memmoveb.o ABSOLUTE
    ../clib/microlib/string/memcpy.c         0x00000000   Number         0  memcpyb.o ABSOLUTE
    ../clib/microlib/string/memcpy.c         0x00000000   Number         0  memcpya.o ABSOLUTE
    ../clib/microlib/string/memset.c         0x00000000   Number         0  memseta.o ABSOLUTE
    ..\..\cdiLibrary\cLEDs.c                 0x00000000   Number         0  cleds.o ABSOLUTE
    ..\..\cdiLibrary\cTask.c                 0x00000000   Number         0  ctask.o ABSOLUTE
    ..\..\cdiLibrary\cWIFI.c                 0x00000000   Number         0  cwifi.o ABSOLUTE
    ..\..\cdiLibrary\dataStruct.c            0x00000000   Number         0  datastruct.o ABSOLUTE
    ..\..\cdiLibrary\mI2C.c                  0x00000000   Number         0  mi2c.o ABSOLUTE
    ..\Drivers\CMSIS\\Device\ST\STM32L1xx\Source\Templates\system_stm32l1xx.c 0x00000000   Number         0  system_stm32l1xx.o ABSOLUTE
    ..\Drivers\STM32L1xx_HAL_Driver\Src\stm32l1xx_hal.c 0x00000000   Number         0  stm32l1xx_hal.o ABSOLUTE
    ..\Drivers\STM32L1xx_HAL_Driver\Src\stm32l1xx_hal_cortex.c 0x00000000   Number         0  stm32l1xx_hal_cortex.o ABSOLUTE
    ..\Drivers\STM32L1xx_HAL_Driver\Src\stm32l1xx_hal_dma.c 0x00000000   Number         0  stm32l1xx_hal_dma.o ABSOLUTE
    ..\Drivers\STM32L1xx_HAL_Driver\Src\stm32l1xx_hal_flash.c 0x00000000   Number         0  stm32l1xx_hal_flash.o ABSOLUTE
    ..\Drivers\STM32L1xx_HAL_Driver\Src\stm32l1xx_hal_flash_ex.c 0x00000000   Number         0  stm32l1xx_hal_flash_ex.o ABSOLUTE
    ..\Drivers\STM32L1xx_HAL_Driver\Src\stm32l1xx_hal_flash_ramfunc.c 0x00000000   Number         0  stm32l1xx_hal_flash_ramfunc.o ABSOLUTE
    ..\Drivers\STM32L1xx_HAL_Driver\Src\stm32l1xx_hal_gpio.c 0x00000000   Number         0  stm32l1xx_hal_gpio.o ABSOLUTE
    ..\Drivers\STM32L1xx_HAL_Driver\Src\stm32l1xx_hal_i2c.c 0x00000000   Number         0  stm32l1xx_hal_i2c.o ABSOLUTE
    ..\Drivers\STM32L1xx_HAL_Driver\Src\stm32l1xx_hal_pwr.c 0x00000000   Number         0  stm32l1xx_hal_pwr.o ABSOLUTE
    ..\Drivers\STM32L1xx_HAL_Driver\Src\stm32l1xx_hal_pwr_ex.c 0x00000000   Number         0  stm32l1xx_hal_pwr_ex.o ABSOLUTE
    ..\Drivers\STM32L1xx_HAL_Driver\Src\stm32l1xx_hal_rcc.c 0x00000000   Number         0  stm32l1xx_hal_rcc.o ABSOLUTE
    ..\Drivers\STM32L1xx_HAL_Driver\Src\stm32l1xx_hal_rcc_ex.c 0x00000000   Number         0  stm32l1xx_hal_rcc_ex.o ABSOLUTE
    ..\Drivers\STM32L1xx_HAL_Driver\Src\stm32l1xx_hal_tim.c 0x00000000   Number         0  stm32l1xx_hal_tim.o ABSOLUTE
    ..\Drivers\STM32L1xx_HAL_Driver\Src\stm32l1xx_hal_tim_ex.c 0x00000000   Number         0  stm32l1xx_hal_tim_ex.o ABSOLUTE
    ..\Drivers\STM32L1xx_HAL_Driver\Src\stm32l1xx_hal_uart.c 0x00000000   Number         0  stm32l1xx_hal_uart.o ABSOLUTE
    ..\Middlewares\Third_Party\FreeRTOS\Source\CMSIS_RTOS\cmsis_os.c 0x00000000   Number         0  cmsis_os.o ABSOLUTE
    ..\Middlewares\Third_Party\FreeRTOS\Source\portable\RVDS\ARM_CM3\port.c 0x00000000   Number         0  port.o ABSOLUTE
    ..\Src\dma.c                             0x00000000   Number         0  dma.o ABSOLUTE
    ..\Src\freertos.c                        0x00000000   Number         0  freertos.o ABSOLUTE
    ..\Src\gpio.c                            0x00000000   Number         0  gpio.o ABSOLUTE
    ..\Src\i2c.c                             0x00000000   Number         0  i2c.o ABSOLUTE
    ..\Src\main.c                            0x00000000   Number         0  main.o ABSOLUTE
    ..\Src\stm32l1xx_hal_msp.c               0x00000000   Number         0  stm32l1xx_hal_msp.o ABSOLUTE
    ..\Src\stm32l1xx_hal_timebase_TIM.c      0x00000000   Number         0  stm32l1xx_hal_timebase_tim.o ABSOLUTE
    ..\Src\stm32l1xx_it.c                    0x00000000   Number         0  stm32l1xx_it.o ABSOLUTE
    ..\Src\usart.c                           0x00000000   Number         0  usart.o ABSOLUTE
    ..\\..\\cdiLibrary\\cLEDs.c              0x00000000   Number         0  cleds.o ABSOLUTE
    ..\\..\\cdiLibrary\\cTask.c              0x00000000   Number         0  ctask.o ABSOLUTE
    ..\\..\\cdiLibrary\\cWIFI.c              0x00000000   Number         0  cwifi.o ABSOLUTE
    ..\\..\\cdiLibrary\\dataStruct.c         0x00000000   Number         0  datastruct.o ABSOLUTE
    ..\\..\\cdiLibrary\\mI2C.c               0x00000000   Number         0  mi2c.o ABSOLUTE
    dc.s                                     0x00000000   Number         0  dc.o ABSOLUTE
    handlers.s                               0x00000000   Number         0  handlers.o ABSOLUTE
    init.s                                   0x00000000   Number         0  init.o ABSOLUTE
    startup_stm32l152xb.s                    0x00000000   Number         0  startup_stm32l152xb.o ABSOLUTE
    RESET                                    0x08000000   Section      244  startup_stm32l152xb.o(RESET)
    .ARM.Collect$$$$00000000                 0x080000f4   Section        0  entry.o(.ARM.Collect$$$$00000000)
    .ARM.Collect$$$$00000001                 0x080000f4   Section        4  entry2.o(.ARM.Collect$$$$00000001)
    .ARM.Collect$$$$00000004                 0x080000f8   Section        4  entry5.o(.ARM.Collect$$$$00000004)
    .ARM.Collect$$$$00000008                 0x080000fc   Section        0  entry7b.o(.ARM.Collect$$$$00000008)
    .ARM.Collect$$$$0000000A                 0x080000fc   Section        0  entry8b.o(.ARM.Collect$$$$0000000A)
    .ARM.Collect$$$$0000000B                 0x080000fc   Section        8  entry9a.o(.ARM.Collect$$$$0000000B)
    .ARM.Collect$$$$0000000D                 0x08000104   Section        0  entry10a.o(.ARM.Collect$$$$0000000D)
    .ARM.Collect$$$$0000000F                 0x08000104   Section        0  entry11a.o(.ARM.Collect$$$$0000000F)
    .ARM.Collect$$$$00002712                 0x08000104   Section        4  entry2.o(.ARM.Collect$$$$00002712)
    __lit__00000000                          0x08000104   Data           4  entry2.o(.ARM.Collect$$$$00002712)
    .emb_text                                0x08000108   Section      162  port.o(.emb_text)
    .text                                    0x080001ac   Section       36  startup_stm32l152xb.o(.text)
    .text                                    0x080001d0   Section        0  memmovea.o(.text)
    .text                                    0x08000210   Section        0  memseta.o(.text)
    .text                                    0x08000234   Section       36  init.o(.text)
    i.BusFault_Handler                       0x08000258   Section        0  stm32l1xx_it.o(i.BusFault_Handler)
    i.DMA1_Channel4_IRQHandler               0x0800025c   Section        0  stm32l1xx_it.o(i.DMA1_Channel4_IRQHandler)
    i.DMA1_Channel5_IRQHandler               0x08000268   Section        0  stm32l1xx_it.o(i.DMA1_Channel5_IRQHandler)
    i.DMA1_Channel6_IRQHandler               0x08000274   Section        0  stm32l1xx_it.o(i.DMA1_Channel6_IRQHandler)
    i.DMA1_Channel7_IRQHandler               0x08000280   Section        0  stm32l1xx_it.o(i.DMA1_Channel7_IRQHandler)
    i.DMA_SetConfig                          0x0800028c   Section        0  stm32l1xx_hal_dma.o(i.DMA_SetConfig)
    DMA_SetConfig                            0x0800028d   Thumb Code    30  stm32l1xx_hal_dma.o(i.DMA_SetConfig)
    i.DebugMon_Handler                       0x080002aa   Section        0  stm32l1xx_it.o(i.DebugMon_Handler)
    i.Error_Handler                          0x080002ac   Section        0  main.o(i.Error_Handler)
    i.FLASH_IRQHandler                       0x080002ae   Section        0  stm32l1xx_it.o(i.FLASH_IRQHandler)
    i.FLASH_PageErase                        0x080002b4   Section        0  stm32l1xx_hal_flash_ex.o(i.FLASH_PageErase)
    i.FLASH_SetErrorCode                     0x080002dc   Section        0  stm32l1xx_hal_flash.o(i.FLASH_SetErrorCode)
    FLASH_SetErrorCode                       0x080002dd   Thumb Code    60  stm32l1xx_hal_flash.o(i.FLASH_SetErrorCode)
    i.HAL_DMA_IRQHandler                     0x08000320   Section        0  stm32l1xx_hal_dma.o(i.HAL_DMA_IRQHandler)
    i.HAL_DMA_Init                           0x0800058c   Section        0  stm32l1xx_hal_dma.o(i.HAL_DMA_Init)
    i.HAL_DMA_Start_IT                       0x080005dc   Section        0  stm32l1xx_hal_dma.o(i.HAL_DMA_Start_IT)
    i.HAL_FLASH_EndOfOperationCallback       0x08000634   Section        0  stm32l1xx_hal_flash.o(i.HAL_FLASH_EndOfOperationCallback)
    i.HAL_FLASH_IRQHandler                   0x08000638   Section        0  stm32l1xx_hal_flash.o(i.HAL_FLASH_IRQHandler)
    i.HAL_FLASH_OperationErrorCallback       0x0800070c   Section        0  stm32l1xx_hal_flash.o(i.HAL_FLASH_OperationErrorCallback)
    i.HAL_GPIO_Init                          0x08000710   Section        0  stm32l1xx_hal_gpio.o(i.HAL_GPIO_Init)
    i.HAL_GPIO_TogglePin                     0x0800089c   Section        0  stm32l1xx_hal_gpio.o(i.HAL_GPIO_TogglePin)
    i.HAL_GPIO_WritePin                      0x080008a4   Section        0  stm32l1xx_hal_gpio.o(i.HAL_GPIO_WritePin)
    i.HAL_GetTick                            0x080008b0   Section        0  stm32l1xx_hal.o(i.HAL_GetTick)
    i.HAL_I2C_ER_IRQHandler                  0x080008bc   Section        0  stm32l1xx_hal_i2c.o(i.HAL_I2C_ER_IRQHandler)
    i.HAL_I2C_EV_IRQHandler                  0x080009a0   Section        0  stm32l1xx_hal_i2c.o(i.HAL_I2C_EV_IRQHandler)
    i.HAL_I2C_ErrorCallback                  0x08000b36   Section        0  stm32l1xx_hal_i2c.o(i.HAL_I2C_ErrorCallback)
    i.HAL_I2C_GetState                       0x08000b38   Section        0  stm32l1xx_hal_i2c.o(i.HAL_I2C_GetState)
    i.HAL_I2C_Init                           0x08000b40   Section        0  stm32l1xx_hal_i2c.o(i.HAL_I2C_Init)
    i.HAL_I2C_MasterRxCpltCallback           0x08000c84   Section        0  stm32l1xx_hal_i2c.o(i.HAL_I2C_MasterRxCpltCallback)
    i.HAL_I2C_MasterTxCpltCallback           0x08000c86   Section        0  stm32l1xx_hal_i2c.o(i.HAL_I2C_MasterTxCpltCallback)
    i.HAL_I2C_Master_Receive_DMA             0x08000c88   Section        0  stm32l1xx_hal_i2c.o(i.HAL_I2C_Master_Receive_DMA)
    i.HAL_I2C_Master_Transmit_DMA            0x08000d80   Section        0  stm32l1xx_hal_i2c.o(i.HAL_I2C_Master_Transmit_DMA)
    i.HAL_I2C_MemRxCpltCallback              0x08000e70   Section        0  stm32l1xx_hal_i2c.o(i.HAL_I2C_MemRxCpltCallback)
    i.HAL_I2C_MemTxCpltCallback              0x08000e72   Section        0  stm32l1xx_hal_i2c.o(i.HAL_I2C_MemTxCpltCallback)
    i.HAL_I2C_MspInit                        0x08000e74   Section        0  i2c.o(i.HAL_I2C_MspInit)
    i.HAL_I2C_SlaveRxCpltCallback            0x08000f48   Section        0  stm32l1xx_hal_i2c.o(i.HAL_I2C_SlaveRxCpltCallback)
    i.HAL_I2C_SlaveTxCpltCallback            0x08000f4a   Section        0  stm32l1xx_hal_i2c.o(i.HAL_I2C_SlaveTxCpltCallback)
    i.HAL_IncTick                            0x08000f4c   Section        0  stm32l1xx_hal.o(i.HAL_IncTick)
    i.HAL_Init                               0x08000f5c   Section        0  stm32l1xx_hal.o(i.HAL_Init)
    i.HAL_InitTick                           0x08000f74   Section        0  stm32l1xx_hal_timebase_tim.o(i.HAL_InitTick)
    i.HAL_MspInit                            0x08000fe4   Section        0  stm32l1xx_hal_msp.o(i.HAL_MspInit)
    i.HAL_NVIC_EnableIRQ                     0x08001078   Section        0  stm32l1xx_hal_cortex.o(i.HAL_NVIC_EnableIRQ)
    i.HAL_NVIC_SetPriority                   0x08001090   Section        0  stm32l1xx_hal_cortex.o(i.HAL_NVIC_SetPriority)
    i.HAL_NVIC_SetPriorityGrouping           0x080010d0   Section        0  stm32l1xx_hal_cortex.o(i.HAL_NVIC_SetPriorityGrouping)
    i.HAL_PWREx_GetVoltageRange              0x080010f4   Section        0  stm32l1xx_hal_pwr_ex.o(i.HAL_PWREx_GetVoltageRange)
    i.HAL_RCC_ClockConfig                    0x08001104   Section        0  stm32l1xx_hal_rcc.o(i.HAL_RCC_ClockConfig)
    i.HAL_RCC_GetClockConfig                 0x080012d8   Section        0  stm32l1xx_hal_rcc.o(i.HAL_RCC_GetClockConfig)
    i.HAL_RCC_GetHCLKFreq                    0x08001318   Section        0  stm32l1xx_hal_rcc.o(i.HAL_RCC_GetHCLKFreq)
    i.HAL_RCC_GetPCLK1Freq                   0x08001324   Section        0  stm32l1xx_hal_rcc.o(i.HAL_RCC_GetPCLK1Freq)
    i.HAL_RCC_GetPCLK2Freq                   0x08001354   Section        0  stm32l1xx_hal_rcc.o(i.HAL_RCC_GetPCLK2Freq)
    i.HAL_RCC_GetSysClockFreq                0x08001384   Section        0  stm32l1xx_hal_rcc.o(i.HAL_RCC_GetSysClockFreq)
    i.HAL_RCC_OscConfig                      0x08001414   Section        0  stm32l1xx_hal_rcc.o(i.HAL_RCC_OscConfig)
    i.HAL_SYSTICK_CLKSourceConfig            0x08001af4   Section        0  stm32l1xx_hal_cortex.o(i.HAL_SYSTICK_CLKSourceConfig)
    i.HAL_SYSTICK_Config                     0x08001b0c   Section        0  stm32l1xx_hal_cortex.o(i.HAL_SYSTICK_Config)
    i.HAL_TIM_Base_Init                      0x08001b34   Section        0  stm32l1xx_hal_tim.o(i.HAL_TIM_Base_Init)
    i.HAL_TIM_Base_MspInit                   0x08001b6a   Section        0  stm32l1xx_hal_tim.o(i.HAL_TIM_Base_MspInit)
    i.HAL_TIM_Base_Start_IT                  0x08001b6c   Section        0  stm32l1xx_hal_tim.o(i.HAL_TIM_Base_Start_IT)
    i.HAL_TIM_IC_CaptureCallback             0x08001b84   Section        0  stm32l1xx_hal_tim.o(i.HAL_TIM_IC_CaptureCallback)
    i.HAL_TIM_IRQHandler                     0x08001b86   Section        0  stm32l1xx_hal_tim.o(i.HAL_TIM_IRQHandler)
    i.HAL_TIM_OC_DelayElapsedCallback        0x08001cac   Section        0  stm32l1xx_hal_tim.o(i.HAL_TIM_OC_DelayElapsedCallback)
    i.HAL_TIM_PWM_PulseFinishedCallback      0x08001cae   Section        0  stm32l1xx_hal_tim.o(i.HAL_TIM_PWM_PulseFinishedCallback)
    i.HAL_TIM_PeriodElapsedCallback          0x08001cb0   Section        0  main.o(i.HAL_TIM_PeriodElapsedCallback)
    i.HAL_TIM_TriggerCallback                0x08001cbe   Section        0  stm32l1xx_hal_tim.o(i.HAL_TIM_TriggerCallback)
    i.HAL_UART_ErrorCallback                 0x08001cc0   Section        0  stm32l1xx_hal_uart.o(i.HAL_UART_ErrorCallback)
    i.HAL_UART_IRQHandler                    0x08001cc4   Section        0  stm32l1xx_hal_uart.o(i.HAL_UART_IRQHandler)
    i.HAL_UART_Init                          0x08001d9e   Section        0  stm32l1xx_hal_uart.o(i.HAL_UART_Init)
    i.HAL_UART_MspInit                       0x08001dfc   Section        0  usart.o(i.HAL_UART_MspInit)
    i.HAL_UART_RxCpltCallback                0x08001eb8   Section        0  stm32l1xx_hal_uart.o(i.HAL_UART_RxCpltCallback)
    i.HAL_UART_TxCpltCallback                0x08001eba   Section        0  stm32l1xx_hal_uart.o(i.HAL_UART_TxCpltCallback)
    i.HardFault_Handler                      0x08001ebc   Section        0  stm32l1xx_it.o(i.HardFault_Handler)
    i.I2C1_ER_IRQHandler                     0x08001ec0   Section        0  stm32l1xx_it.o(i.I2C1_ER_IRQHandler)
    i.I2C1_EV_IRQHandler                     0x08001ecc   Section        0  stm32l1xx_it.o(i.I2C1_EV_IRQHandler)
    i.I2C_DMAError                           0x08001ed8   Section        0  stm32l1xx_hal_i2c.o(i.I2C_DMAError)
    I2C_DMAError                             0x08001ed9   Thumb Code    42  stm32l1xx_hal_i2c.o(i.I2C_DMAError)
    i.I2C_DMAMasterReceiveCplt               0x08001f02   Section        0  stm32l1xx_hal_i2c.o(i.I2C_DMAMasterReceiveCplt)
    I2C_DMAMasterReceiveCplt                 0x08001f03   Thumb Code    74  stm32l1xx_hal_i2c.o(i.I2C_DMAMasterReceiveCplt)
    i.I2C_DMAMasterTransmitCplt              0x08001f4c   Section        0  stm32l1xx_hal_i2c.o(i.I2C_DMAMasterTransmitCplt)
    I2C_DMAMasterTransmitCplt                0x08001f4d   Thumb Code    80  stm32l1xx_hal_i2c.o(i.I2C_DMAMasterTransmitCplt)
    i.I2C_MasterReceive_BTF                  0x08001fa0   Section        0  stm32l1xx_hal_i2c.o(i.I2C_MasterReceive_BTF)
    I2C_MasterReceive_BTF                    0x08001fa1   Thumb Code   128  stm32l1xx_hal_i2c.o(i.I2C_MasterReceive_BTF)
    i.I2C_MasterReceive_RXNE                 0x08002020   Section        0  stm32l1xx_hal_i2c.o(i.I2C_MasterReceive_RXNE)
    I2C_MasterReceive_RXNE                   0x08002021   Thumb Code   100  stm32l1xx_hal_i2c.o(i.I2C_MasterReceive_RXNE)
    i.I2C_MasterRequestRead                  0x08002084   Section        0  stm32l1xx_hal_i2c.o(i.I2C_MasterRequestRead)
    I2C_MasterRequestRead                    0x08002085   Thumb Code   186  stm32l1xx_hal_i2c.o(i.I2C_MasterRequestRead)
    i.I2C_MasterRequestWrite                 0x08002140   Section        0  stm32l1xx_hal_i2c.o(i.I2C_MasterRequestWrite)
    I2C_MasterRequestWrite                   0x08002141   Thumb Code   112  stm32l1xx_hal_i2c.o(i.I2C_MasterRequestWrite)
    i.I2C_WaitOnFlagUntilTimeout             0x080021b4   Section        0  stm32l1xx_hal_i2c.o(i.I2C_WaitOnFlagUntilTimeout)
    I2C_WaitOnFlagUntilTimeout               0x080021b5   Thumb Code   138  stm32l1xx_hal_i2c.o(i.I2C_WaitOnFlagUntilTimeout)
    i.I2C_WaitOnMasterAddressFlagUntilTimeout 0x08002240   Section        0  stm32l1xx_hal_i2c.o(i.I2C_WaitOnMasterAddressFlagUntilTimeout)
    I2C_WaitOnMasterAddressFlagUntilTimeout  0x08002241   Thumb Code   136  stm32l1xx_hal_i2c.o(i.I2C_WaitOnMasterAddressFlagUntilTimeout)
    i.MX_DMA_Init                            0x080022c8   Section        0  dma.o(i.MX_DMA_Init)
    i.MX_FREERTOS_Init                       0x08002324   Section        0  freertos.o(i.MX_FREERTOS_Init)
    i.MX_GPIO_Init                           0x08002354   Section        0  gpio.o(i.MX_GPIO_Init)
    i.MX_I2C1_Init                           0x08002464   Section        0  i2c.o(i.MX_I2C1_Init)
    i.MX_USART1_UART_Init                    0x080024a8   Section        0  usart.o(i.MX_USART1_UART_Init)
    i.MemManage_Handler                      0x080024e0   Section        0  stm32l1xx_it.o(i.MemManage_Handler)
    i.NMI_Handler                            0x080024e2   Section        0  stm32l1xx_it.o(i.NMI_Handler)
    i.NVIC_SetPriority                       0x080024e4   Section        0  stm32l1xx_hal_cortex.o(i.NVIC_SetPriority)
    NVIC_SetPriority                         0x080024e5   Thumb Code    32  stm32l1xx_hal_cortex.o(i.NVIC_SetPriority)
    i.RCC_SetFlashLatencyFromMSIRange        0x08002504   Section        0  stm32l1xx_hal_rcc.o(i.RCC_SetFlashLatencyFromMSIRange)
    RCC_SetFlashLatencyFromMSIRange          0x08002505   Thumb Code   112  stm32l1xx_hal_rcc.o(i.RCC_SetFlashLatencyFromMSIRange)
    i.StartDefaultTask                       0x0800257c   Section        0  freertos.o(i.StartDefaultTask)
    i.SysTick_Handler                        0x08002588   Section        0  stm32l1xx_it.o(i.SysTick_Handler)
    i.SystemClock_Config                     0x0800258c   Section        0  main.o(i.SystemClock_Config)
    i.SystemInit                             0x0800261c   Section        0  system_stm32l1xx.o(i.SystemInit)
    i.TIM2_IRQHandler                        0x0800266c   Section        0  stm32l1xx_it.o(i.TIM2_IRQHandler)
    i.TIM_Base_SetConfig                     0x08002678   Section        0  stm32l1xx_hal_tim.o(i.TIM_Base_SetConfig)
    TIM_Base_SetConfig                       0x08002679   Thumb Code    86  stm32l1xx_hal_tim.o(i.TIM_Base_SetConfig)
    i.Task1                                  0x080026e4   Section        0  ctask.o(i.Task1)
    i.UART_Receive_IT                        0x0800270c   Section        0  stm32l1xx_hal_uart.o(i.UART_Receive_IT)
    UART_Receive_IT                          0x0800270d   Thumb Code   168  stm32l1xx_hal_uart.o(i.UART_Receive_IT)
    i.UART_SetConfig                         0x080027b4   Section        0  stm32l1xx_hal_uart.o(i.UART_SetConfig)
    UART_SetConfig                           0x080027b5   Thumb Code   666  stm32l1xx_hal_uart.o(i.UART_SetConfig)
    i.UART_Transmit_IT                       0x08002a54   Section        0  stm32l1xx_hal_uart.o(i.UART_Transmit_IT)
    UART_Transmit_IT                         0x08002a55   Thumb Code   102  stm32l1xx_hal_uart.o(i.UART_Transmit_IT)
    i.USART1_IRQHandler                      0x08002abc   Section        0  stm32l1xx_it.o(i.USART1_IRQHandler)
    i.UsageFault_Handler                     0x08002ac8   Section        0  stm32l1xx_it.o(i.UsageFault_Handler)
    i.__scatterload_copy                     0x08002aca   Section       14  handlers.o(i.__scatterload_copy)
    i.__scatterload_null                     0x08002ad8   Section        2  handlers.o(i.__scatterload_null)
    i.__scatterload_zeroinit                 0x08002ada   Section       14  handlers.o(i.__scatterload_zeroinit)
    i.cI2C_Task1                             0x08002ae8   Section        0  ctask.o(i.cI2C_Task1)
    i.cI2C_Task1Fun                          0x08002b14   Section        0  ctask.o(i.cI2C_Task1Fun)
    i.cLEDs_Task                             0x08002b3c   Section        0  ctask.o(i.cLEDs_Task)
    i.cLEDs_TaskFun                          0x08002b64   Section        0  ctask.o(i.cLEDs_TaskFun)
    i.cLEDs_Toggle                           0x08002bc4   Section        0  cleds.o(i.cLEDs_Toggle)
    i.cLEDs_Write                            0x08002be8   Section        0  cleds.o(i.cLEDs_Write)
    i.cTaskList                              0x08002c14   Section        0  ctask.o(i.cTaskList)
    i.device_read                            0x08002c24   Section        0  mi2c.o(i.device_read)
    i.device_write                           0x08002cb0   Section        0  mi2c.o(i.device_write)
    i.inHandlerMode                          0x08002d10   Section        0  cmsis_os.o(i.inHandlerMode)
    inHandlerMode                            0x08002d11   Thumb Code    12  cmsis_os.o(i.inHandlerMode)
    i.key_led                                0x08002d1c   Section        0  ctask.o(i.key_led)
    i.main                                   0x08002d64   Section        0  main.o(i.main)
    i.makeFreeRtosPriority                   0x08002d86   Section        0  cmsis_os.o(i.makeFreeRtosPriority)
    makeFreeRtosPriority                     0x08002d87   Thumb Code    12  cmsis_os.o(i.makeFreeRtosPriority)
    i.osDelay                                0x08002d92   Section        0  cmsis_os.o(i.osDelay)
    i.osKernelStart                          0x08002da0   Section        0  cmsis_os.o(i.osKernelStart)
    i.osMutexRelease                         0x08002dac   Section        0  cmsis_os.o(i.osMutexRelease)
    i.osMutexWait                            0x08002df4   Section        0  cmsis_os.o(i.osMutexWait)
    i.osSystickHandler                       0x08002e54   Section        0  cmsis_os.o(i.osSystickHandler)
    i.osThreadCreate                         0x08002e68   Section        0  cmsis_os.o(i.osThreadCreate)
    i.prvAddCurrentTaskToDelayedList         0x08002ea0   Section        0  tasks.o(i.prvAddCurrentTaskToDelayedList)
    prvAddCurrentTaskToDelayedList           0x08002ea1   Thumb Code    48  tasks.o(i.prvAddCurrentTaskToDelayedList)
    i.prvCheckTasksWaitingTermination        0x08002ed4   Section        0  tasks.o(i.prvCheckTasksWaitingTermination)
    prvCheckTasksWaitingTermination          0x08002ed5   Thumb Code    76  tasks.o(i.prvCheckTasksWaitingTermination)
    i.prvCopyDataFromQueue                   0x08002f28   Section        0  queue.o(i.prvCopyDataFromQueue)
    prvCopyDataFromQueue                     0x08002f29   Thumb Code    38  queue.o(i.prvCopyDataFromQueue)
    i.prvCopyDataToQueue                     0x08002f4e   Section        0  queue.o(i.prvCopyDataToQueue)
    prvCopyDataToQueue                       0x08002f4f   Thumb Code   110  queue.o(i.prvCopyDataToQueue)
    i.prvHeapInit                            0x08002fbc   Section        0  heap_4.o(i.prvHeapInit)
    prvHeapInit                              0x08002fbd   Thumb Code    66  heap_4.o(i.prvHeapInit)
    i.prvIdleTask                            0x08003008   Section        0  tasks.o(i.prvIdleTask)
    prvIdleTask                              0x08003009   Thumb Code    20  tasks.o(i.prvIdleTask)
    i.prvInsertBlockIntoFreeList             0x08003020   Section        0  heap_4.o(i.prvInsertBlockIntoFreeList)
    prvInsertBlockIntoFreeList               0x08003021   Thumb Code    72  heap_4.o(i.prvInsertBlockIntoFreeList)
    i.prvResetNextTaskUnblockTime            0x0800306c   Section        0  tasks.o(i.prvResetNextTaskUnblockTime)
    prvResetNextTaskUnblockTime              0x0800306d   Thumb Code    26  tasks.o(i.prvResetNextTaskUnblockTime)
    i.prvTaskExitError                       0x0800308c   Section        0  port.o(i.prvTaskExitError)
    prvTaskExitError                         0x0800308d   Thumb Code    20  port.o(i.prvTaskExitError)
    i.prvUnlockQueue                         0x080030a4   Section        0  queue.o(i.prvUnlockQueue)
    prvUnlockQueue                           0x080030a5   Thumb Code   100  queue.o(i.prvUnlockQueue)
    i.pvPortMalloc                           0x08003108   Section        0  heap_4.o(i.pvPortMalloc)
    i.pvTaskIncrementMutexHeldCount          0x080031c4   Section        0  tasks.o(i.pvTaskIncrementMutexHeldCount)
    i.pxPortInitialiseStack                  0x080031dc   Section        0  port.o(i.pxPortInitialiseStack)
    i.update_I2CFrame                        0x080031fc   Section        0  datastruct.o(i.update_I2CFrame)
    i.uxListRemove                           0x08003252   Section        0  list.o(i.uxListRemove)
    i.vListInitialise                        0x08003276   Section        0  list.o(i.vListInitialise)
    i.vListInitialiseItem                    0x0800328c   Section        0  list.o(i.vListInitialiseItem)
    i.vListInsert                            0x08003292   Section        0  list.o(i.vListInsert)
    i.vListInsertEnd                         0x080032c2   Section        0  list.o(i.vListInsertEnd)
    i.vPortEnterCritical                     0x080032dc   Section        0  port.o(i.vPortEnterCritical)
    i.vPortExitCritical                      0x08003314   Section        0  port.o(i.vPortExitCritical)
    i.vPortFree                              0x08003338   Section        0  heap_4.o(i.vPortFree)
    i.vPortSetupTimerInterrupt               0x08003380   Section        0  port.o(i.vPortSetupTimerInterrupt)
    i.vPortValidateInterruptPriority         0x080033a0   Section        0  port.o(i.vPortValidateInterruptPriority)
    i.vPortYield                             0x080033e0   Section        0  port.o(i.vPortYield)
    i.vTaskDelay                             0x080033f8   Section        0  tasks.o(i.vTaskDelay)
    i.vTaskMissedYield                       0x08003448   Section        0  tasks.o(i.vTaskMissedYield)
    i.vTaskPlaceOnEventList                  0x08003454   Section        0  tasks.o(i.vTaskPlaceOnEventList)
    i.vTaskPriorityInherit                   0x080034ac   Section        0  tasks.o(i.vTaskPriorityInherit)
    i.vTaskSetTimeOutState                   0x08003530   Section        0  tasks.o(i.vTaskSetTimeOutState)
    i.vTaskStartScheduler                    0x0800354c   Section        0  tasks.o(i.vTaskStartScheduler)
    i.vTaskSuspendAll                        0x080035a0   Section        0  tasks.o(i.vTaskSuspendAll)
    i.vTaskSwitchContext                     0x080035b0   Section        0  tasks.o(i.vTaskSwitchContext)
    i.xPortStartScheduler                    0x08003604   Section        0  port.o(i.xPortStartScheduler)
    i.xPortSysTickHandler                    0x08003678   Section        0  port.o(i.xPortSysTickHandler)
    i.xQueueGenericReceive                   0x0800369c   Section        0  queue.o(i.xQueueGenericReceive)
    i.xQueueGenericSend                      0x080037ca   Section        0  queue.o(i.xQueueGenericSend)
    i.xQueueGiveFromISR                      0x080038de   Section        0  queue.o(i.xQueueGiveFromISR)
    i.xQueueReceiveFromISR                   0x08003954   Section        0  queue.o(i.xQueueReceiveFromISR)
    i.xTaskCheckForTimeOut                   0x080039cc   Section        0  tasks.o(i.xTaskCheckForTimeOut)
    i.xTaskGenericCreate                     0x08003a24   Section        0  tasks.o(i.xTaskGenericCreate)
    i.xTaskGetSchedulerState                 0x08003bb0   Section        0  tasks.o(i.xTaskGetSchedulerState)
    i.xTaskIncrementTick                     0x08003bcc   Section        0  tasks.o(i.xTaskIncrementTick)
    i.xTaskPriorityDisinherit                0x08003c8c   Section        0  tasks.o(i.xTaskPriorityDisinherit)
    i.xTaskRemoveFromEventList               0x08003d10   Section        0  tasks.o(i.xTaskRemoveFromEventList)
    i.xTaskResumeAll                         0x08003d7c   Section        0  tasks.o(i.xTaskResumeAll)
    .constdata                               0x08003e28   Section       13  stm32l1xx_hal_rcc.o(.constdata)
    .constdata                               0x08003e38   Section       20  freertos.o(.constdata)
    .constdata                               0x08003e4c   Section       25  system_stm32l1xx.o(.constdata)
    .constdata                               0x08003e65   Section        8  system_stm32l1xx.o(.constdata)
    .constdata                               0x08003e70   Section       60  ctask.o(.constdata)
    .conststring                             0x08003eac   Section       12  freertos.o(.conststring)
    .conststring                             0x08003eb8   Section       37  ctask.o(.conststring)
    .data                                    0x20000000   Section        4  stm32l1xx_hal.o(.data)
    uwTick                                   0x20000000   Data           4  stm32l1xx_hal.o(.data)
    .data                                    0x20000004   Section        4  freertos.o(.data)
    .data                                    0x20000008   Section        4  system_stm32l1xx.o(.data)
    .data                                    0x2000000c   Section       24  heap_4.o(.data)
    pxEnd                                    0x2000000c   Data           4  heap_4.o(.data)
    xFreeBytesRemaining                      0x20000010   Data           4  heap_4.o(.data)
    xMinimumEverFreeBytesRemaining           0x20000014   Data           4  heap_4.o(.data)
    xBlockAllocatedBit                       0x20000018   Data           4  heap_4.o(.data)
    xStart                                   0x2000001c   Data           8  heap_4.o(.data)
    .data                                    0x20000024   Section       12  port.o(.data)
    ucMaxSysCallPriority                     0x20000024   Data           1  port.o(.data)
    uxCriticalNesting                        0x20000028   Data           4  port.o(.data)
    ulMaxPRIGROUPValue                       0x2000002c   Data           4  port.o(.data)
    .data                                    0x20000030   Section       56  tasks.o(.data)
    uxTasksDeleted                           0x20000034   Data           4  tasks.o(.data)
    uxCurrentNumberOfTasks                   0x20000038   Data           4  tasks.o(.data)
    xTickCount                               0x2000003c   Data           4  tasks.o(.data)
    uxTopReadyPriority                       0x20000040   Data           4  tasks.o(.data)
    xSchedulerRunning                        0x20000044   Data           4  tasks.o(.data)
    uxPendedTicks                            0x20000048   Data           4  tasks.o(.data)
    xYieldPending                            0x2000004c   Data           4  tasks.o(.data)
    xNumOfOverflows                          0x20000050   Data           4  tasks.o(.data)
    uxTaskNumber                             0x20000054   Data           4  tasks.o(.data)
    xNextTaskUnblockTime                     0x20000058   Data           4  tasks.o(.data)
    uxSchedulerSuspended                     0x2000005c   Data           4  tasks.o(.data)
    pxDelayedTaskList                        0x20000060   Data           4  tasks.o(.data)
    pxOverflowDelayedTaskList                0x20000064   Data           4  tasks.o(.data)
    .data                                    0x20000068   Section        4  mi2c.o(.data)
    .data                                    0x2000006c   Section       16  ctask.o(.data)
    .bss                                     0x2000007c   Section       24  stm32l1xx_hal_flash.o(.bss)
    .bss                                     0x20000094   Section      176  usart.o(.bss)
    .bss                                     0x20000144   Section       56  stm32l1xx_hal_timebase_tim.o(.bss)
    .bss                                     0x2000017c   Section      172  i2c.o(.bss)
    .bss                                     0x20000228   Section     3072  heap_4.o(.bss)
    ucHeap                                   0x20000228   Data        3072  heap_4.o(.bss)
    .bss                                     0x20000e28   Section      240  tasks.o(.bss)
    pxReadyTasksLists                        0x20000e28   Data         140  tasks.o(.bss)
    xDelayedTaskList1                        0x20000eb4   Data          20  tasks.o(.bss)
    xDelayedTaskList2                        0x20000ec8   Data          20  tasks.o(.bss)
    xPendingReadyList                        0x20000edc   Data          20  tasks.o(.bss)
    xTasksWaitingTermination                 0x20000ef0   Data          20  tasks.o(.bss)
    xSuspendedTaskList                       0x20000f04   Data          20  tasks.o(.bss)
    STACK                                    0x20000f18   Section     1024  startup_stm32l152xb.o(STACK)

    Global Symbols

    Symbol Name                              Value     Ov Type        Size  Object(Section)

    BuildAttributes$$THM_ISAv4$P$D$K$B$S$PE$A:L22UL41UL21$X:L11$S22US41US21$IEEE1$IW$USESV6$~STKCKD$USESV7$~SHL$OSPACE$EBA8$MICROLIB$REQ8$PRES8$EABIv2 0x00000000   Number         0  anon$$obj.o ABSOLUTE
    __ARM_use_no_argv                        0x00000000   Number         0  main.o ABSOLUTE
    __cpp_initialize__aeabi_                  - Undefined Weak Reference
    __cxa_finalize                            - Undefined Weak Reference
    __decompress                              - Undefined Weak Reference
    _clock_init                               - Undefined Weak Reference
    _microlib_exit                            - Undefined Weak Reference
    __Vectors_Size                           0x000000f4   Number         0  startup_stm32l152xb.o ABSOLUTE
    __Vectors                                0x08000000   Data           4  startup_stm32l152xb.o(RESET)
    __Vectors_End                            0x080000f4   Data           0  startup_stm32l152xb.o(RESET)
    __main                                   0x080000f5   Thumb Code     0  entry.o(.ARM.Collect$$$$00000000)
    _main_stk                                0x080000f5   Thumb Code     0  entry2.o(.ARM.Collect$$$$00000001)
    _main_scatterload                        0x080000f9   Thumb Code     0  entry5.o(.ARM.Collect$$$$00000004)
    __main_after_scatterload                 0x080000fd   Thumb Code     0  entry5.o(.ARM.Collect$$$$00000004)
    _main_clock                              0x080000fd   Thumb Code     0  entry7b.o(.ARM.Collect$$$$00000008)
    _main_cpp_init                           0x080000fd   Thumb Code     0  entry8b.o(.ARM.Collect$$$$0000000A)
    _main_init                               0x080000fd   Thumb Code     0  entry9a.o(.ARM.Collect$$$$0000000B)
    __rt_final_cpp                           0x08000105   Thumb Code     0  entry10a.o(.ARM.Collect$$$$0000000D)
    __rt_final_exit                          0x08000105   Thumb Code     0  entry11a.o(.ARM.Collect$$$$0000000F)
    SVC_Handler                              0x08000109   Thumb Code    32  port.o(.emb_text)
    __asm___6_port_c_39a90d8d__prvStartFirstTask 0x0800012d   Thumb Code    28  port.o(.emb_text)
    PendSV_Handler                           0x0800014d   Thumb Code    64  port.o(.emb_text)
    ulPortSetInterruptMask                   0x08000191   Thumb Code    14  port.o(.emb_text)
    vPortClearInterruptMask                  0x0800019f   Thumb Code     6  port.o(.emb_text)
    vPortGetIPSR                             0x080001a5   Thumb Code     6  port.o(.emb_text)
    Reset_Handler                            0x080001ad   Thumb Code     8  startup_stm32l152xb.o(.text)
    ADC1_IRQHandler                          0x080001c7   Thumb Code     0  startup_stm32l152xb.o(.text)
    COMP_IRQHandler                          0x080001c7   Thumb Code     0  startup_stm32l152xb.o(.text)
    DAC_IRQHandler                           0x080001c7   Thumb Code     0  startup_stm32l152xb.o(.text)
    DMA1_Channel1_IRQHandler                 0x080001c7   Thumb Code     0  startup_stm32l152xb.o(.text)
    DMA1_Channel2_IRQHandler                 0x080001c7   Thumb Code     0  startup_stm32l152xb.o(.text)
    DMA1_Channel3_IRQHandler                 0x080001c7   Thumb Code     0  startup_stm32l152xb.o(.text)
    EXTI0_IRQHandler                         0x080001c7   Thumb Code     0  startup_stm32l152xb.o(.text)
    EXTI15_10_IRQHandler                     0x080001c7   Thumb Code     0  startup_stm32l152xb.o(.text)
    EXTI1_IRQHandler                         0x080001c7   Thumb Code     0  startup_stm32l152xb.o(.text)
    EXTI2_IRQHandler                         0x080001c7   Thumb Code     0  startup_stm32l152xb.o(.text)
    EXTI3_IRQHandler                         0x080001c7   Thumb Code     0  startup_stm32l152xb.o(.text)
    EXTI4_IRQHandler                         0x080001c7   Thumb Code     0  startup_stm32l152xb.o(.text)
    EXTI9_5_IRQHandler                       0x080001c7   Thumb Code     0  startup_stm32l152xb.o(.text)
    I2C2_ER_IRQHandler                       0x080001c7   Thumb Code     0  startup_stm32l152xb.o(.text)
    I2C2_EV_IRQHandler                       0x080001c7   Thumb Code     0  startup_stm32l152xb.o(.text)
    LCD_IRQHandler                           0x080001c7   Thumb Code     0  startup_stm32l152xb.o(.text)
    PVD_IRQHandler                           0x080001c7   Thumb Code     0  startup_stm32l152xb.o(.text)
    RCC_IRQHandler                           0x080001c7   Thumb Code     0  startup_stm32l152xb.o(.text)
    RTC_Alarm_IRQHandler                     0x080001c7   Thumb Code     0  startup_stm32l152xb.o(.text)
    RTC_WKUP_IRQHandler                      0x080001c7   Thumb Code     0  startup_stm32l152xb.o(.text)
    SPI1_IRQHandler                          0x080001c7   Thumb Code     0  startup_stm32l152xb.o(.text)
    SPI2_IRQHandler                          0x080001c7   Thumb Code     0  startup_stm32l152xb.o(.text)
    TAMPER_STAMP_IRQHandler                  0x080001c7   Thumb Code     0  startup_stm32l152xb.o(.text)
    TIM10_IRQHandler                         0x080001c7   Thumb Code     0  startup_stm32l152xb.o(.text)
    TIM11_IRQHandler                         0x080001c7   Thumb Code     0  startup_stm32l152xb.o(.text)
    TIM3_IRQHandler                          0x080001c7   Thumb Code     0  startup_stm32l152xb.o(.text)
    TIM4_IRQHandler                          0x080001c7   Thumb Code     0  startup_stm32l152xb.o(.text)
    TIM6_IRQHandler                          0x080001c7   Thumb Code     0  startup_stm32l152xb.o(.text)
    TIM7_IRQHandler                          0x080001c7   Thumb Code     0  startup_stm32l152xb.o(.text)
    TIM9_IRQHandler                          0x080001c7   Thumb Code     0  startup_stm32l152xb.o(.text)
    USART2_IRQHandler                        0x080001c7   Thumb Code     0  startup_stm32l152xb.o(.text)
    USART3_IRQHandler                        0x080001c7   Thumb Code     0  startup_stm32l152xb.o(.text)
    USB_FS_WKUP_IRQHandler                   0x080001c7   Thumb Code     0  startup_stm32l152xb.o(.text)
    USB_HP_IRQHandler                        0x080001c7   Thumb Code     0  startup_stm32l152xb.o(.text)
    USB_LP_IRQHandler                        0x080001c7   Thumb Code     0  startup_stm32l152xb.o(.text)
    WWDG_IRQHandler                          0x080001c7   Thumb Code     0  startup_stm32l152xb.o(.text)
    ___aeabi_memcpy8$move                    0x080001d1   Thumb Code     0  memmovea.o(.text)
    __aeabi_memcpy                           0x080001d1   Thumb Code    64  memmovea.o(.text)
    __aeabi_memcpy4                          0x080001d1   Thumb Code     0  memmovea.o(.text)
    __aeabi_memmove                          0x080001d1   Thumb Code     0  memmovea.o(.text)
    __aeabi_memmove4                         0x080001d1   Thumb Code     0  memmovea.o(.text)
    __aeabi_memmove8                         0x080001d1   Thumb Code     0  memmovea.o(.text)
    __aeabi_memset                           0x08000211   Thumb Code    14  memseta.o(.text)
    __aeabi_memset4                          0x08000211   Thumb Code     0  memseta.o(.text)
    __aeabi_memset8                          0x08000211   Thumb Code     0  memseta.o(.text)
    __aeabi_memclr                           0x0800021f   Thumb Code     4  memseta.o(.text)
    __aeabi_memclr4                          0x0800021f   Thumb Code     0  memseta.o(.text)
    __aeabi_memclr8                          0x0800021f   Thumb Code     0  memseta.o(.text)
    _memset$wrapper                          0x08000223   Thumb Code    18  memseta.o(.text)
    __scatterload                            0x08000235   Thumb Code    28  init.o(.text)
    __scatterload_rt2                        0x08000235   Thumb Code     0  init.o(.text)
    BusFault_Handler                         0x08000259   Thumb Code     2  stm32l1xx_it.o(i.BusFault_Handler)
    DMA1_Channel4_IRQHandler                 0x0800025d   Thumb Code     6  stm32l1xx_it.o(i.DMA1_Channel4_IRQHandler)
    DMA1_Channel5_IRQHandler                 0x08000269   Thumb Code     6  stm32l1xx_it.o(i.DMA1_Channel5_IRQHandler)
    DMA1_Channel6_IRQHandler                 0x08000275   Thumb Code     6  stm32l1xx_it.o(i.DMA1_Channel6_IRQHandler)
    DMA1_Channel7_IRQHandler                 0x08000281   Thumb Code     6  stm32l1xx_it.o(i.DMA1_Channel7_IRQHandler)
    DebugMon_Handler                         0x080002ab   Thumb Code     2  stm32l1xx_it.o(i.DebugMon_Handler)
    Error_Handler                            0x080002ad   Thumb Code     2  main.o(i.Error_Handler)
    FLASH_IRQHandler                         0x080002af   Thumb Code     4  stm32l1xx_it.o(i.FLASH_IRQHandler)
    FLASH_PageErase                          0x080002b5   Thumb Code    32  stm32l1xx_hal_flash_ex.o(i.FLASH_PageErase)
    HAL_DMA_IRQHandler                       0x08000321   Thumb Code   616  stm32l1xx_hal_dma.o(i.HAL_DMA_IRQHandler)
    HAL_DMA_Init                             0x0800058d   Thumb Code    80  stm32l1xx_hal_dma.o(i.HAL_DMA_Init)
    HAL_DMA_Start_IT                         0x080005dd   Thumb Code    88  stm32l1xx_hal_dma.o(i.HAL_DMA_Start_IT)
    HAL_FLASH_EndOfOperationCallback         0x08000635   Thumb Code     2  stm32l1xx_hal_flash.o(i.HAL_FLASH_EndOfOperationCallback)
    HAL_FLASH_IRQHandler                     0x08000639   Thumb Code   198  stm32l1xx_hal_flash.o(i.HAL_FLASH_IRQHandler)
    HAL_FLASH_OperationErrorCallback         0x0800070d   Thumb Code     2  stm32l1xx_hal_flash.o(i.HAL_FLASH_OperationErrorCallback)
    HAL_GPIO_Init                            0x08000711   Thumb Code   364  stm32l1xx_hal_gpio.o(i.HAL_GPIO_Init)
    HAL_GPIO_TogglePin                       0x0800089d   Thumb Code     8  stm32l1xx_hal_gpio.o(i.HAL_GPIO_TogglePin)
    HAL_GPIO_WritePin                        0x080008a5   Thumb Code    10  stm32l1xx_hal_gpio.o(i.HAL_GPIO_WritePin)
    HAL_GetTick                              0x080008b1   Thumb Code     6  stm32l1xx_hal.o(i.HAL_GetTick)
    HAL_I2C_ER_IRQHandler                    0x080008bd   Thumb Code   228  stm32l1xx_hal_i2c.o(i.HAL_I2C_ER_IRQHandler)
    HAL_I2C_EV_IRQHandler                    0x080009a1   Thumb Code   406  stm32l1xx_hal_i2c.o(i.HAL_I2C_EV_IRQHandler)
    HAL_I2C_ErrorCallback                    0x08000b37   Thumb Code     2  stm32l1xx_hal_i2c.o(i.HAL_I2C_ErrorCallback)
    HAL_I2C_GetState                         0x08000b39   Thumb Code     6  stm32l1xx_hal_i2c.o(i.HAL_I2C_GetState)
    HAL_I2C_Init                             0x08000b41   Thumb Code   310  stm32l1xx_hal_i2c.o(i.HAL_I2C_Init)
    HAL_I2C_MasterRxCpltCallback             0x08000c85   Thumb Code     2  stm32l1xx_hal_i2c.o(i.HAL_I2C_MasterRxCpltCallback)
    HAL_I2C_MasterTxCpltCallback             0x08000c87   Thumb Code     2  stm32l1xx_hal_i2c.o(i.HAL_I2C_MasterTxCpltCallback)
    HAL_I2C_Master_Receive_DMA               0x08000c89   Thumb Code   240  stm32l1xx_hal_i2c.o(i.HAL_I2C_Master_Receive_DMA)
    HAL_I2C_Master_Transmit_DMA              0x08000d81   Thumb Code   228  stm32l1xx_hal_i2c.o(i.HAL_I2C_Master_Transmit_DMA)
    HAL_I2C_MemRxCpltCallback                0x08000e71   Thumb Code     2  stm32l1xx_hal_i2c.o(i.HAL_I2C_MemRxCpltCallback)
    HAL_I2C_MemTxCpltCallback                0x08000e73   Thumb Code     2  stm32l1xx_hal_i2c.o(i.HAL_I2C_MemTxCpltCallback)
    HAL_I2C_MspInit                          0x08000e75   Thumb Code   190  i2c.o(i.HAL_I2C_MspInit)
    HAL_I2C_SlaveRxCpltCallback              0x08000f49   Thumb Code     2  stm32l1xx_hal_i2c.o(i.HAL_I2C_SlaveRxCpltCallback)
    HAL_I2C_SlaveTxCpltCallback              0x08000f4b   Thumb Code     2  stm32l1xx_hal_i2c.o(i.HAL_I2C_SlaveTxCpltCallback)
    HAL_IncTick                              0x08000f4d   Thumb Code    10  stm32l1xx_hal.o(i.HAL_IncTick)
    HAL_Init                                 0x08000f5d   Thumb Code    22  stm32l1xx_hal.o(i.HAL_Init)
    HAL_InitTick                             0x08000f75   Thumb Code   100  stm32l1xx_hal_timebase_tim.o(i.HAL_InitTick)
    HAL_MspInit                              0x08000fe5   Thumb Code   142  stm32l1xx_hal_msp.o(i.HAL_MspInit)
    HAL_NVIC_EnableIRQ                       0x08001079   Thumb Code    22  stm32l1xx_hal_cortex.o(i.HAL_NVIC_EnableIRQ)
    HAL_NVIC_SetPriority                     0x08001091   Thumb Code    60  stm32l1xx_hal_cortex.o(i.HAL_NVIC_SetPriority)
    HAL_NVIC_SetPriorityGrouping             0x080010d1   Thumb Code    26  stm32l1xx_hal_cortex.o(i.HAL_NVIC_SetPriorityGrouping)
    HAL_PWREx_GetVoltageRange                0x080010f5   Thumb Code    10  stm32l1xx_hal_pwr_ex.o(i.HAL_PWREx_GetVoltageRange)
    HAL_RCC_ClockConfig                      0x08001105   Thumb Code   450  stm32l1xx_hal_rcc.o(i.HAL_RCC_ClockConfig)
    HAL_RCC_GetClockConfig                   0x080012d9   Thumb Code    54  stm32l1xx_hal_rcc.o(i.HAL_RCC_GetClockConfig)
    HAL_RCC_GetHCLKFreq                      0x08001319   Thumb Code     6  stm32l1xx_hal_rcc.o(i.HAL_RCC_GetHCLKFreq)
    HAL_RCC_GetPCLK1Freq                     0x08001325   Thumb Code    34  stm32l1xx_hal_rcc.o(i.HAL_RCC_GetPCLK1Freq)
    HAL_RCC_GetPCLK2Freq                     0x08001355   Thumb Code    34  stm32l1xx_hal_rcc.o(i.HAL_RCC_GetPCLK2Freq)
    HAL_RCC_GetSysClockFreq                  0x08001385   Thumb Code   126  stm32l1xx_hal_rcc.o(i.HAL_RCC_GetSysClockFreq)
    HAL_RCC_OscConfig                        0x08001415   Thumb Code  1752  stm32l1xx_hal_rcc.o(i.HAL_RCC_OscConfig)
    HAL_SYSTICK_CLKSourceConfig              0x08001af5   Thumb Code    24  stm32l1xx_hal_cortex.o(i.HAL_SYSTICK_CLKSourceConfig)
    HAL_SYSTICK_Config                       0x08001b0d   Thumb Code    40  stm32l1xx_hal_cortex.o(i.HAL_SYSTICK_Config)
    HAL_TIM_Base_Init                        0x08001b35   Thumb Code    54  stm32l1xx_hal_tim.o(i.HAL_TIM_Base_Init)
    HAL_TIM_Base_MspInit                     0x08001b6b   Thumb Code     2  stm32l1xx_hal_tim.o(i.HAL_TIM_Base_MspInit)
    HAL_TIM_Base_Start_IT                    0x08001b6d   Thumb Code    24  stm32l1xx_hal_tim.o(i.HAL_TIM_Base_Start_IT)
    HAL_TIM_IC_CaptureCallback               0x08001b85   Thumb Code     2  stm32l1xx_hal_tim.o(i.HAL_TIM_IC_CaptureCallback)
    HAL_TIM_IRQHandler                       0x08001b87   Thumb Code   294  stm32l1xx_hal_tim.o(i.HAL_TIM_IRQHandler)
    HAL_TIM_OC_DelayElapsedCallback          0x08001cad   Thumb Code     2  stm32l1xx_hal_tim.o(i.HAL_TIM_OC_DelayElapsedCallback)
    HAL_TIM_PWM_PulseFinishedCallback        0x08001caf   Thumb Code     2  stm32l1xx_hal_tim.o(i.HAL_TIM_PWM_PulseFinishedCallback)
    HAL_TIM_PeriodElapsedCallback            0x08001cb1   Thumb Code    14  main.o(i.HAL_TIM_PeriodElapsedCallback)
    HAL_TIM_TriggerCallback                  0x08001cbf   Thumb Code     2  stm32l1xx_hal_tim.o(i.HAL_TIM_TriggerCallback)
    HAL_UART_ErrorCallback                   0x08001cc1   Thumb Code     2  stm32l1xx_hal_uart.o(i.HAL_UART_ErrorCallback)
    HAL_UART_IRQHandler                      0x08001cc5   Thumb Code   218  stm32l1xx_hal_uart.o(i.HAL_UART_IRQHandler)
    HAL_UART_Init                            0x08001d9f   Thumb Code    94  stm32l1xx_hal_uart.o(i.HAL_UART_Init)
    HAL_UART_MspInit                         0x08001dfd   Thumb Code   168  usart.o(i.HAL_UART_MspInit)
    HAL_UART_RxCpltCallback                  0x08001eb9   Thumb Code     2  stm32l1xx_hal_uart.o(i.HAL_UART_RxCpltCallback)
    HAL_UART_TxCpltCallback                  0x08001ebb   Thumb Code     2  stm32l1xx_hal_uart.o(i.HAL_UART_TxCpltCallback)
    HardFault_Handler                        0x08001ebd   Thumb Code     2  stm32l1xx_it.o(i.HardFault_Handler)
    I2C1_ER_IRQHandler                       0x08001ec1   Thumb Code     6  stm32l1xx_it.o(i.I2C1_ER_IRQHandler)
    I2C1_EV_IRQHandler                       0x08001ecd   Thumb Code     6  stm32l1xx_it.o(i.I2C1_EV_IRQHandler)
    MX_DMA_Init                              0x080022c9   Thumb Code    88  dma.o(i.MX_DMA_Init)
    MX_FREERTOS_Init                         0x08002325   Thumb Code    38  freertos.o(i.MX_FREERTOS_Init)
    MX_GPIO_Init                             0x08002355   Thumb Code   252  gpio.o(i.MX_GPIO_Init)
    MX_I2C1_Init                             0x08002465   Thumb Code    54  i2c.o(i.MX_I2C1_Init)
    MX_USART1_UART_Init                      0x080024a9   Thumb Code    48  usart.o(i.MX_USART1_UART_Init)
    MemManage_Handler                        0x080024e1   Thumb Code     2  stm32l1xx_it.o(i.MemManage_Handler)
    NMI_Handler                              0x080024e3   Thumb Code     2  stm32l1xx_it.o(i.NMI_Handler)
    StartDefaultTask                         0x0800257d   Thumb Code    12  freertos.o(i.StartDefaultTask)
    SysTick_Handler                          0x08002589   Thumb Code     4  stm32l1xx_it.o(i.SysTick_Handler)
    SystemClock_Config                       0x0800258d   Thumb Code   134  main.o(i.SystemClock_Config)
    SystemInit                               0x0800261d   Thumb Code    62  system_stm32l1xx.o(i.SystemInit)
    TIM2_IRQHandler                          0x0800266d   Thumb Code     6  stm32l1xx_it.o(i.TIM2_IRQHandler)
    Task1                                    0x080026e5   Thumb Code    30  ctask.o(i.Task1)
    USART1_IRQHandler                        0x08002abd   Thumb Code     6  stm32l1xx_it.o(i.USART1_IRQHandler)
    UsageFault_Handler                       0x08002ac9   Thumb Code     2  stm32l1xx_it.o(i.UsageFault_Handler)
    __scatterload_copy                       0x08002acb   Thumb Code    14  handlers.o(i.__scatterload_copy)
    __scatterload_null                       0x08002ad9   Thumb Code     2  handlers.o(i.__scatterload_null)
    __scatterload_zeroinit                   0x08002adb   Thumb Code    14  handlers.o(i.__scatterload_zeroinit)
    cI2C_Task1                               0x08002ae9   Thumb Code    40  ctask.o(i.cI2C_Task1)
    cI2C_Task1Fun                            0x08002b15   Thumb Code    30  ctask.o(i.cI2C_Task1Fun)
    cLEDs_Task                               0x08002b3d   Thumb Code    30  ctask.o(i.cLEDs_Task)
    cLEDs_TaskFun                            0x08002b65   Thumb Code    90  ctask.o(i.cLEDs_TaskFun)
    cLEDs_Toggle                             0x08002bc5   Thumb Code    32  cleds.o(i.cLEDs_Toggle)
    cLEDs_Write                              0x08002be9   Thumb Code    40  cleds.o(i.cLEDs_Write)
    cTaskList                                0x08002c15   Thumb Code    14  ctask.o(i.cTaskList)
    device_read                              0x08002c25   Thumb Code   132  mi2c.o(i.device_read)
    device_write                             0x08002cb1   Thumb Code    88  mi2c.o(i.device_write)
    key_led                                  0x08002d1d   Thumb Code    66  ctask.o(i.key_led)
    main                                     0x08002d65   Thumb Code    34  main.o(i.main)
    osDelay                                  0x08002d93   Thumb Code    14  cmsis_os.o(i.osDelay)
    osKernelStart                            0x08002da1   Thumb Code    10  cmsis_os.o(i.osKernelStart)
    osMutexRelease                           0x08002dad   Thumb Code    66  cmsis_os.o(i.osMutexRelease)
    osMutexWait                              0x08002df5   Thumb Code    92  cmsis_os.o(i.osMutexWait)
    osSystickHandler                         0x08002e55   Thumb Code    20  cmsis_os.o(i.osSystickHandler)
    osThreadCreate                           0x08002e69   Thumb Code    56  cmsis_os.o(i.osThreadCreate)
    pvPortMalloc                             0x08003109   Thumb Code   182  heap_4.o(i.pvPortMalloc)
    pvTaskIncrementMutexHeldCount            0x080031c5   Thumb Code    18  tasks.o(i.pvTaskIncrementMutexHeldCount)
    pxPortInitialiseStack                    0x080031dd   Thumb Code    28  port.o(i.pxPortInitialiseStack)
    update_I2CFrame                          0x080031fd   Thumb Code    86  datastruct.o(i.update_I2CFrame)
    uxListRemove                             0x08003253   Thumb Code    36  list.o(i.uxListRemove)
    vListInitialise                          0x08003277   Thumb Code    22  list.o(i.vListInitialise)
    vListInitialiseItem                      0x0800328d   Thumb Code     6  list.o(i.vListInitialiseItem)
    vListInsert                              0x08003293   Thumb Code    48  list.o(i.vListInsert)
    vListInsertEnd                           0x080032c3   Thumb Code    24  list.o(i.vListInsertEnd)
    vPortEnterCritical                       0x080032dd   Thumb Code    46  port.o(i.vPortEnterCritical)
    vPortExitCritical                        0x08003315   Thumb Code    30  port.o(i.vPortExitCritical)
    vPortFree                                0x08003339   Thumb Code    68  heap_4.o(i.vPortFree)
    vPortSetupTimerInterrupt                 0x08003381   Thumb Code    26  port.o(i.vPortSetupTimerInterrupt)
    vPortValidateInterruptPriority           0x080033a1   Thumb Code    54  port.o(i.vPortValidateInterruptPriority)
    vPortYield                               0x080033e1   Thumb Code    18  port.o(i.vPortYield)
    vTaskDelay                               0x080033f9   Thumb Code    76  tasks.o(i.vTaskDelay)
    vTaskMissedYield                         0x08003449   Thumb Code     8  tasks.o(i.vTaskMissedYield)
    vTaskPlaceOnEventList                    0x08003455   Thumb Code    80  tasks.o(i.vTaskPlaceOnEventList)
    vTaskPriorityInherit                     0x080034ad   Thumb Code   124  tasks.o(i.vTaskPriorityInherit)
    vTaskSetTimeOutState                     0x08003531   Thumb Code    22  tasks.o(i.vTaskSetTimeOutState)
    vTaskStartScheduler                      0x0800354d   Thumb Code    66  tasks.o(i.vTaskStartScheduler)
    vTaskSuspendAll                          0x080035a1   Thumb Code    10  tasks.o(i.vTaskSuspendAll)
    vTaskSwitchContext                       0x080035b1   Thumb Code    74  tasks.o(i.vTaskSwitchContext)
    xPortStartScheduler                      0x08003605   Thumb Code   102  port.o(i.xPortStartScheduler)
    xPortSysTickHandler                      0x08003679   Thumb Code    30  port.o(i.xPortSysTickHandler)
    xQueueGenericReceive                     0x0800369d   Thumb Code   302  queue.o(i.xQueueGenericReceive)
    xQueueGenericSend                        0x080037cb   Thumb Code   276  queue.o(i.xQueueGenericSend)
    xQueueGiveFromISR                        0x080038df   Thumb Code   118  queue.o(i.xQueueGiveFromISR)
    xQueueReceiveFromISR                     0x08003955   Thumb Code   118  queue.o(i.xQueueReceiveFromISR)
    xTaskCheckForTimeOut                     0x080039cd   Thumb Code    82  tasks.o(i.xTaskCheckForTimeOut)
    xTaskGenericCreate                       0x08003a25   Thumb Code   388  tasks.o(i.xTaskGenericCreate)
    xTaskGetSchedulerState                   0x08003bb1   Thumb Code    22  tasks.o(i.xTaskGetSchedulerState)
    xTaskIncrementTick                       0x08003bcd   Thumb Code   184  tasks.o(i.xTaskIncrementTick)
    xTaskPriorityDisinherit                  0x08003c8d   Thumb Code   124  tasks.o(i.xTaskPriorityDisinherit)
    xTaskRemoveFromEventList                 0x08003d11   Thumb Code    98  tasks.o(i.xTaskRemoveFromEventList)
    xTaskResumeAll                           0x08003d7d   Thumb Code   162  tasks.o(i.xTaskResumeAll)
    aPLLDivisionFactorTable                  0x08003e28   Data           4  stm32l1xx_hal_rcc.o(.constdata)
    aPLLMULFactorTable                       0x08003e2c   Data           9  stm32l1xx_hal_rcc.o(.constdata)
    PLLMulTable                              0x08003e4c   Data           9  system_stm32l1xx.o(.constdata)
    AHBPrescTable                            0x08003e55   Data          16  system_stm32l1xx.o(.constdata)
    APBPrescTable                            0x08003e65   Data           8  system_stm32l1xx.o(.constdata)
    Region$$Table$$Base                      0x08003ee0   Number         0  anon$$obj.o(Region$$Table)
    Region$$Table$$Limit                     0x08003f00   Number         0  anon$$obj.o(Region$$Table)
    defaultTaskHandle                        0x20000004   Data           4  freertos.o(.data)
    SystemCoreClock                          0x20000008   Data           4  system_stm32l1xx.o(.data)
    pxCurrentTCB                             0x20000030   Data           4  tasks.o(.data)
    mI2C_Handle                              0x20000068   Data           4  mi2c.o(.data)
    cLEDs_status                             0x2000006c   Data           1  ctask.o(.data)
    Task1_Handle                             0x20000070   Data           4  ctask.o(.data)
    cLEDs_TaskHandle                         0x20000074   Data           4  ctask.o(.data)
    cI2C_TaskHandle                          0x20000078   Data           4  ctask.o(.data)
    pFlash                                   0x2000007c   Data          24  stm32l1xx_hal_flash.o(.bss)
    huart1                                   0x20000094   Data          64  usart.o(.bss)
    hdma_usart1_rx                           0x200000d4   Data          56  usart.o(.bss)
    hdma_usart1_tx                           0x2000010c   Data          56  usart.o(.bss)
    htim2                                    0x20000144   Data          56  stm32l1xx_hal_timebase_tim.o(.bss)
    hi2c1                                    0x2000017c   Data          60  i2c.o(.bss)
    hdma_i2c1_rx                             0x200001b8   Data          56  i2c.o(.bss)
    hdma_i2c1_tx                             0x200001f0   Data          56  i2c.o(.bss)
    __initial_sp                             0x20001318   Data           0  startup_stm32l152xb.o(STACK)



==============================================================================

Memory Map of the image

  Image Entry point : 0x080000f5

  Load Region LR_IROM1 (Base: 0x08000000, Size: 0x00003f7c, Max: 0x00020000, ABSOLUTE)

    Execution Region ER_IROM1 (Base: 0x08000000, Size: 0x00003f00, Max: 0x00020000, ABSOLUTE)

    Base Addr    Size         Type   Attr      Idx    E Section Name        Object

    0x08000000   0x000000f4   Data   RO         2832    RESET               startup_stm32l152xb.o
    0x080000f4   0x00000000   Code   RO         4097  * .ARM.Collect$$$$00000000  mc_w.l(entry.o)
    0x080000f4   0x00000004   Code   RO         4110    .ARM.Collect$$$$00000001  mc_w.l(entry2.o)
    0x080000f8   0x00000004   Code   RO         4113    .ARM.Collect$$$$00000004  mc_w.l(entry5.o)
    0x080000fc   0x00000000   Code   RO         4115    .ARM.Collect$$$$00000008  mc_w.l(entry7b.o)
    0x080000fc   0x00000000   Code   RO         4117    .ARM.Collect$$$$0000000A  mc_w.l(entry8b.o)
    0x080000fc   0x00000008   Code   RO         4118    .ARM.Collect$$$$0000000B  mc_w.l(entry9a.o)
    0x08000104   0x00000000   Code   RO         4120    .ARM.Collect$$$$0000000D  mc_w.l(entry10a.o)
    0x08000104   0x00000000   Code   RO         4122    .ARM.Collect$$$$0000000F  mc_w.l(entry11a.o)
    0x08000104   0x00000004   Code   RO         4111    .ARM.Collect$$$$00002712  mc_w.l(entry2.o)
    0x08000108   0x000000a2   Code   RO         2895    .emb_text           port.o
    0x080001aa   0x00000002   PAD
    0x080001ac   0x00000024   Code   RO         2833    .text               startup_stm32l152xb.o
    0x080001d0   0x00000040   Code   RO         4102    .text               mc_w.l(memmovea.o)
    0x08000210   0x00000024   Code   RO         4104    .text               mc_w.l(memseta.o)
    0x08000234   0x00000024   Code   RO         4124    .text               mc_w.l(init.o)
    0x08000258   0x00000002   Code   RO         2357    i.BusFault_Handler  stm32l1xx_it.o
    0x0800025a   0x00000002   PAD
    0x0800025c   0x0000000c   Code   RO         2358    i.DMA1_Channel4_IRQHandler  stm32l1xx_it.o
    0x08000268   0x0000000c   Code   RO         2359    i.DMA1_Channel5_IRQHandler  stm32l1xx_it.o
    0x08000274   0x0000000c   Code   RO         2360    i.DMA1_Channel6_IRQHandler  stm32l1xx_it.o
    0x08000280   0x0000000c   Code   RO         2361    i.DMA1_Channel7_IRQHandler  stm32l1xx_it.o
    0x0800028c   0x0000001e   Code   RO         1393    i.DMA_SetConfig     stm32l1xx_hal_dma.o
    0x080002aa   0x00000002   Code   RO         2362    i.DebugMon_Handler  stm32l1xx_it.o
    0x080002ac   0x00000002   Code   RO         2750    i.Error_Handler     main.o
    0x080002ae   0x00000004   Code   RO         2363    i.FLASH_IRQHandler  stm32l1xx_it.o
    0x080002b2   0x00000002   PAD
    0x080002b4   0x00000028   Code   RO          158    i.FLASH_PageErase   stm32l1xx_hal_flash_ex.o
    0x080002dc   0x00000044   Code   RO         1295    i.FLASH_SetErrorCode  stm32l1xx_hal_flash.o
    0x08000320   0x0000026c   Code   RO         1398    i.HAL_DMA_IRQHandler  stm32l1xx_hal_dma.o
    0x0800058c   0x00000050   Code   RO         1399    i.HAL_DMA_Init      stm32l1xx_hal_dma.o
    0x080005dc   0x00000058   Code   RO         1402    i.HAL_DMA_Start_IT  stm32l1xx_hal_dma.o
    0x08000634   0x00000002   Code   RO         1297    i.HAL_FLASH_EndOfOperationCallback  stm32l1xx_hal_flash.o
    0x08000636   0x00000002   PAD
    0x08000638   0x000000d4   Code   RO         1299    i.HAL_FLASH_IRQHandler  stm32l1xx_hal_flash.o
    0x0800070c   0x00000002   Code   RO         1304    i.HAL_FLASH_OperationErrorCallback  stm32l1xx_hal_flash.o
    0x0800070e   0x00000002   PAD
    0x08000710   0x0000018c   Code   RO         1232    i.HAL_GPIO_Init     stm32l1xx_hal_gpio.o
    0x0800089c   0x00000008   Code   RO         1235    i.HAL_GPIO_TogglePin  stm32l1xx_hal_gpio.o
    0x080008a4   0x0000000a   Code   RO         1236    i.HAL_GPIO_WritePin  stm32l1xx_hal_gpio.o
    0x080008ae   0x00000002   PAD
    0x080008b0   0x0000000c   Code   RO         1010    i.HAL_GetTick       stm32l1xx_hal.o
    0x080008bc   0x000000e4   Code   RO         1981    i.HAL_I2C_ER_IRQHandler  stm32l1xx_hal_i2c.o
    0x080009a0   0x00000196   Code   RO         1982    i.HAL_I2C_EV_IRQHandler  stm32l1xx_hal_i2c.o
    0x08000b36   0x00000002   Code   RO         1983    i.HAL_I2C_ErrorCallback  stm32l1xx_hal_i2c.o
    0x08000b38   0x00000006   Code   RO         1986    i.HAL_I2C_GetState  stm32l1xx_hal_i2c.o
    0x08000b3e   0x00000002   PAD
    0x08000b40   0x00000144   Code   RO         1987    i.HAL_I2C_Init      stm32l1xx_hal_i2c.o
    0x08000c84   0x00000002   Code   RO         1989    i.HAL_I2C_MasterRxCpltCallback  stm32l1xx_hal_i2c.o
    0x08000c86   0x00000002   Code   RO         1990    i.HAL_I2C_MasterTxCpltCallback  stm32l1xx_hal_i2c.o
    0x08000c88   0x000000f8   Code   RO         1992    i.HAL_I2C_Master_Receive_DMA  stm32l1xx_hal_i2c.o
    0x08000d80   0x000000f0   Code   RO         1995    i.HAL_I2C_Master_Transmit_DMA  stm32l1xx_hal_i2c.o
    0x08000e70   0x00000002   Code   RO         1997    i.HAL_I2C_MemRxCpltCallback  stm32l1xx_hal_i2c.o
    0x08000e72   0x00000002   Code   RO         1998    i.HAL_I2C_MemTxCpltCallback  stm32l1xx_hal_i2c.o
    0x08000e74   0x000000d4   Code   RO         2709    i.HAL_I2C_MspInit   i2c.o
    0x08000f48   0x00000002   Code   RO         2007    i.HAL_I2C_SlaveRxCpltCallback  stm32l1xx_hal_i2c.o
    0x08000f4a   0x00000002   Code   RO         2008    i.HAL_I2C_SlaveTxCpltCallback  stm32l1xx_hal_i2c.o
    0x08000f4c   0x00000010   Code   RO         1011    i.HAL_IncTick       stm32l1xx_hal.o
    0x08000f5c   0x00000016   Code   RO         1012    i.HAL_Init          stm32l1xx_hal.o
    0x08000f72   0x00000002   PAD
    0x08000f74   0x00000070   Code   RO         2586    i.HAL_InitTick      stm32l1xx_hal_timebase_tim.o
    0x08000fe4   0x00000094   Code   RO         2520    i.HAL_MspInit       stm32l1xx_hal_msp.o
    0x08001078   0x00000016   Code   RO         1503    i.HAL_NVIC_EnableIRQ  stm32l1xx_hal_cortex.o
    0x0800108e   0x00000002   PAD
    0x08001090   0x00000040   Code   RO         1509    i.HAL_NVIC_SetPriority  stm32l1xx_hal_cortex.o
    0x080010d0   0x00000024   Code   RO         1510    i.HAL_NVIC_SetPriorityGrouping  stm32l1xx_hal_cortex.o
    0x080010f4   0x00000010   Code   RO         1139    i.HAL_PWREx_GetVoltageRange  stm32l1xx_hal_pwr_ex.o
    0x08001104   0x000001d4   Code   RO          263    i.HAL_RCC_ClockConfig  stm32l1xx_hal_rcc.o
    0x080012d8   0x00000040   Code   RO          267    i.HAL_RCC_GetClockConfig  stm32l1xx_hal_rcc.o
    0x08001318   0x0000000c   Code   RO          268    i.HAL_RCC_GetHCLKFreq  stm32l1xx_hal_rcc.o
    0x08001324   0x00000030   Code   RO          270    i.HAL_RCC_GetPCLK1Freq  stm32l1xx_hal_rcc.o
    0x08001354   0x00000030   Code   RO          271    i.HAL_RCC_GetPCLK2Freq  stm32l1xx_hal_rcc.o
    0x08001384   0x00000090   Code   RO          272    i.HAL_RCC_GetSysClockFreq  stm32l1xx_hal_rcc.o
    0x08001414   0x000006e0   Code   RO          275    i.HAL_RCC_OscConfig  stm32l1xx_hal_rcc.o
    0x08001af4   0x00000018   Code   RO         1512    i.HAL_SYSTICK_CLKSourceConfig  stm32l1xx_hal_cortex.o
    0x08001b0c   0x00000028   Code   RO         1514    i.HAL_SYSTICK_Config  stm32l1xx_hal_cortex.o
    0x08001b34   0x00000036   Code   RO          374    i.HAL_TIM_Base_Init  stm32l1xx_hal_tim.o
    0x08001b6a   0x00000002   Code   RO          376    i.HAL_TIM_Base_MspInit  stm32l1xx_hal_tim.o
    0x08001b6c   0x00000018   Code   RO          379    i.HAL_TIM_Base_Start_IT  stm32l1xx_hal_tim.o
    0x08001b84   0x00000002   Code   RO          403    i.HAL_TIM_IC_CaptureCallback  stm32l1xx_hal_tim.o
    0x08001b86   0x00000126   Code   RO          416    i.HAL_TIM_IRQHandler  stm32l1xx_hal_tim.o
    0x08001cac   0x00000002   Code   RO          419    i.HAL_TIM_OC_DelayElapsedCallback  stm32l1xx_hal_tim.o
    0x08001cae   0x00000002   Code   RO          446    i.HAL_TIM_PWM_PulseFinishedCallback  stm32l1xx_hal_tim.o
    0x08001cb0   0x0000000e   Code   RO         2751    i.HAL_TIM_PeriodElapsedCallback  main.o
    0x08001cbe   0x00000002   Code   RO          457    i.HAL_TIM_TriggerCallback  stm32l1xx_hal_tim.o
    0x08001cc0   0x00000002   Code   RO         1635    i.HAL_UART_ErrorCallback  stm32l1xx_hal_uart.o
    0x08001cc2   0x00000002   PAD
    0x08001cc4   0x000000da   Code   RO         1638    i.HAL_UART_IRQHandler  stm32l1xx_hal_uart.o
    0x08001d9e   0x0000005e   Code   RO         1639    i.HAL_UART_Init     stm32l1xx_hal_uart.o
    0x08001dfc   0x000000bc   Code   RO         2545    i.HAL_UART_MspInit  usart.o
    0x08001eb8   0x00000002   Code   RO         1645    i.HAL_UART_RxCpltCallback  stm32l1xx_hal_uart.o
    0x08001eba   0x00000002   Code   RO         1650    i.HAL_UART_TxCpltCallback  stm32l1xx_hal_uart.o
    0x08001ebc   0x00000002   Code   RO         2364    i.HardFault_Handler  stm32l1xx_it.o
    0x08001ebe   0x00000002   PAD
    0x08001ec0   0x0000000c   Code   RO         2365    i.I2C1_ER_IRQHandler  stm32l1xx_it.o
    0x08001ecc   0x0000000c   Code   RO         2366    i.I2C1_EV_IRQHandler  stm32l1xx_it.o
    0x08001ed8   0x0000002a   Code   RO         2015    i.I2C_DMAError      stm32l1xx_hal_i2c.o
    0x08001f02   0x0000004a   Code   RO         2016    i.I2C_DMAMasterReceiveCplt  stm32l1xx_hal_i2c.o
    0x08001f4c   0x00000054   Code   RO         2017    i.I2C_DMAMasterTransmitCplt  stm32l1xx_hal_i2c.o
    0x08001fa0   0x00000080   Code   RO         2023    i.I2C_MasterReceive_BTF  stm32l1xx_hal_i2c.o
    0x08002020   0x00000064   Code   RO         2024    i.I2C_MasterReceive_RXNE  stm32l1xx_hal_i2c.o
    0x08002084   0x000000ba   Code   RO         2025    i.I2C_MasterRequestRead  stm32l1xx_hal_i2c.o
    0x0800213e   0x00000002   PAD
    0x08002140   0x00000074   Code   RO         2026    i.I2C_MasterRequestWrite  stm32l1xx_hal_i2c.o
    0x080021b4   0x0000008a   Code   RO         2029    i.I2C_WaitOnFlagUntilTimeout  stm32l1xx_hal_i2c.o
    0x0800223e   0x00000002   PAD
    0x08002240   0x00000088   Code   RO         2030    i.I2C_WaitOnMasterAddressFlagUntilTimeout  stm32l1xx_hal_i2c.o
    0x080022c8   0x0000005c   Code   RO         2330    i.MX_DMA_Init       dma.o
    0x08002324   0x00000030   Code   RO         2625    i.MX_FREERTOS_Init  freertos.o
    0x08002354   0x00000110   Code   RO         2303    i.MX_GPIO_Init      gpio.o
    0x08002464   0x00000044   Code   RO         2710    i.MX_I2C1_Init      i2c.o
    0x080024a8   0x00000038   Code   RO         2546    i.MX_USART1_UART_Init  usart.o
    0x080024e0   0x00000002   Code   RO         2367    i.MemManage_Handler  stm32l1xx_it.o
    0x080024e2   0x00000002   Code   RO         2368    i.NMI_Handler       stm32l1xx_it.o
    0x080024e4   0x00000020   Code   RO         1516    i.NVIC_SetPriority  stm32l1xx_hal_cortex.o
    0x08002504   0x00000078   Code   RO          276    i.RCC_SetFlashLatencyFromMSIRange  stm32l1xx_hal_rcc.o
    0x0800257c   0x0000000c   Code   RO         2626    i.StartDefaultTask  freertos.o
    0x08002588   0x00000004   Code   RO         2369    i.SysTick_Handler   stm32l1xx_it.o
    0x0800258c   0x00000090   Code   RO         2752    i.SystemClock_Config  main.o
    0x0800261c   0x00000050   Code   RO         2796    i.SystemInit        system_stm32l1xx.o
    0x0800266c   0x0000000c   Code   RO         2370    i.TIM2_IRQHandler   stm32l1xx_it.o
    0x08002678   0x0000006c   Code   RO          458    i.TIM_Base_SetConfig  stm32l1xx_hal_tim.o
    0x080026e4   0x00000028   Code   RO         4038    i.Task1             ctask.o
    0x0800270c   0x000000a8   Code   RO         1657    i.UART_Receive_IT   stm32l1xx_hal_uart.o
    0x080027b4   0x000002a0   Code   RO         1658    i.UART_SetConfig    stm32l1xx_hal_uart.o
    0x08002a54   0x00000066   Code   RO         1659    i.UART_Transmit_IT  stm32l1xx_hal_uart.o
    0x08002aba   0x00000002   PAD
    0x08002abc   0x0000000c   Code   RO         2371    i.USART1_IRQHandler  stm32l1xx_it.o
    0x08002ac8   0x00000002   Code   RO         2372    i.UsageFault_Handler  stm32l1xx_it.o
    0x08002aca   0x0000000e   Code   RO         4128    i.__scatterload_copy  mc_w.l(handlers.o)
    0x08002ad8   0x00000002   Code   RO         4129    i.__scatterload_null  mc_w.l(handlers.o)
    0x08002ada   0x0000000e   Code   RO         4130    i.__scatterload_zeroinit  mc_w.l(handlers.o)
    0x08002ae8   0x0000002c   Code   RO         4039    i.cI2C_Task1        ctask.o
    0x08002b14   0x00000028   Code   RO         4040    i.cI2C_Task1Fun     ctask.o
    0x08002b3c   0x00000028   Code   RO         4041    i.cLEDs_Task        ctask.o
    0x08002b64   0x00000060   Code   RO         4042    i.cLEDs_TaskFun     ctask.o
    0x08002bc4   0x00000024   Code   RO         3853    i.cLEDs_Toggle      cleds.o
    0x08002be8   0x0000002c   Code   RO         3854    i.cLEDs_Write       cleds.o
    0x08002c14   0x0000000e   Code   RO         4043    i.cTaskList         ctask.o
    0x08002c22   0x00000002   PAD
    0x08002c24   0x0000008c   Code   RO         4003    i.device_read       mi2c.o
    0x08002cb0   0x00000060   Code   RO         4004    i.device_write      mi2c.o
    0x08002d10   0x0000000c   Code   RO         2977    i.inHandlerMode     cmsis_os.o
    0x08002d1c   0x00000048   Code   RO         4044    i.key_led           ctask.o
    0x08002d64   0x00000022   Code   RO         2753    i.main              main.o
    0x08002d86   0x0000000c   Code   RO         2979    i.makeFreeRtosPriority  cmsis_os.o
    0x08002d92   0x0000000e   Code   RO         2980    i.osDelay           cmsis_os.o
    0x08002da0   0x0000000a   Code   RO         2983    i.osKernelStart     cmsis_os.o
    0x08002daa   0x00000002   PAD
    0x08002dac   0x00000048   Code   RO         2997    i.osMutexRelease    cmsis_os.o
    0x08002df4   0x00000060   Code   RO         2998    i.osMutexWait       cmsis_os.o
    0x08002e54   0x00000014   Code   RO         3012    i.osSystickHandler  cmsis_os.o
    0x08002e68   0x00000038   Code   RO         3013    i.osThreadCreate    cmsis_os.o
    0x08002ea0   0x00000034   Code   RO         3525    i.prvAddCurrentTaskToDelayedList  tasks.o
    0x08002ed4   0x00000054   Code   RO         3526    i.prvCheckTasksWaitingTermination  tasks.o
    0x08002f28   0x00000026   Code   RO         3378    i.prvCopyDataFromQueue  queue.o
    0x08002f4e   0x0000006e   Code   RO         3379    i.prvCopyDataToQueue  queue.o
    0x08002fbc   0x0000004c   Code   RO         2837    i.prvHeapInit       heap_4.o
    0x08003008   0x00000018   Code   RO         3527    i.prvIdleTask       tasks.o
    0x08003020   0x0000004c   Code   RO         2838    i.prvInsertBlockIntoFreeList  heap_4.o
    0x0800306c   0x00000020   Code   RO         3529    i.prvResetNextTaskUnblockTime  tasks.o
    0x0800308c   0x00000018   Code   RO         2896    i.prvTaskExitError  port.o
    0x080030a4   0x00000064   Code   RO         3380    i.prvUnlockQueue    queue.o
    0x08003108   0x000000bc   Code   RO         2839    i.pvPortMalloc      heap_4.o
    0x080031c4   0x00000018   Code   RO         3531    i.pvTaskIncrementMutexHeldCount  tasks.o
    0x080031dc   0x00000020   Code   RO         2897    i.pxPortInitialiseStack  port.o
    0x080031fc   0x00000056   Code   RO         3925    i.update_I2CFrame   datastruct.o
    0x08003252   0x00000024   Code   RO         3807    i.uxListRemove      list.o
    0x08003276   0x00000016   Code   RO         3808    i.vListInitialise   list.o
    0x0800328c   0x00000006   Code   RO         3809    i.vListInitialiseItem  list.o
    0x08003292   0x00000030   Code   RO         3810    i.vListInsert       list.o
    0x080032c2   0x00000018   Code   RO         3811    i.vListInsertEnd    list.o
    0x080032da   0x00000002   PAD
    0x080032dc   0x00000038   Code   RO         2899    i.vPortEnterCritical  port.o
    0x08003314   0x00000024   Code   RO         2900    i.vPortExitCritical  port.o
    0x08003338   0x00000048   Code   RO         2840    i.vPortFree         heap_4.o
    0x08003380   0x00000020   Code   RO         2901    i.vPortSetupTimerInterrupt  port.o
    0x080033a0   0x00000040   Code   RO         2902    i.vPortValidateInterruptPriority  port.o
    0x080033e0   0x00000018   Code   RO         2903    i.vPortYield        port.o
    0x080033f8   0x00000050   Code   RO         3539    i.vTaskDelay        tasks.o
    0x08003448   0x0000000c   Code   RO         3542    i.vTaskMissedYield  tasks.o
    0x08003454   0x00000058   Code   RO         3544    i.vTaskPlaceOnEventList  tasks.o
    0x080034ac   0x00000084   Code   RO         3546    i.vTaskPriorityInherit  tasks.o
    0x08003530   0x0000001c   Code   RO         3550    i.vTaskSetTimeOutState  tasks.o
    0x0800354c   0x00000054   Code   RO         3551    i.vTaskStartScheduler  tasks.o
    0x080035a0   0x00000010   Code   RO         3553    i.vTaskSuspendAll   tasks.o
    0x080035b0   0x00000054   Code   RO         3554    i.vTaskSwitchContext  tasks.o
    0x08003604   0x00000074   Code   RO         2904    i.xPortStartScheduler  port.o
    0x08003678   0x00000024   Code   RO         2905    i.xPortSysTickHandler  port.o
    0x0800369c   0x0000012e   Code   RO         3392    i.xQueueGenericReceive  queue.o
    0x080037ca   0x00000114   Code   RO         3394    i.xQueueGenericSend  queue.o
    0x080038de   0x00000076   Code   RO         3396    i.xQueueGiveFromISR  queue.o
    0x08003954   0x00000076   Code   RO         3400    i.xQueueReceiveFromISR  queue.o
    0x080039ca   0x00000002   PAD
    0x080039cc   0x00000058   Code   RO         3555    i.xTaskCheckForTimeOut  tasks.o
    0x08003a24   0x0000018c   Code   RO         3556    i.xTaskGenericCreate  tasks.o
    0x08003bb0   0x0000001c   Code   RO         3560    i.xTaskGetSchedulerState  tasks.o
    0x08003bcc   0x000000c0   Code   RO         3563    i.xTaskIncrementTick  tasks.o
    0x08003c8c   0x00000084   Code   RO         3566    i.xTaskPriorityDisinherit  tasks.o
    0x08003d10   0x0000006c   Code   RO         3567    i.xTaskRemoveFromEventList  tasks.o
    0x08003d7c   0x000000ac   Code   RO         3569    i.xTaskResumeAll    tasks.o
    0x08003e28   0x0000000d   Data   RO          277    .constdata          stm32l1xx_hal_rcc.o
    0x08003e35   0x00000003   PAD
    0x08003e38   0x00000014   Data   RO         2627    .constdata          freertos.o
    0x08003e4c   0x00000019   Data   RO         2797    .constdata          system_stm32l1xx.o
    0x08003e65   0x00000008   Data   RO         2798    .constdata          system_stm32l1xx.o
    0x08003e6d   0x00000003   PAD
    0x08003e70   0x0000003c   Data   RO         4045    .constdata          ctask.o
    0x08003eac   0x0000000c   Data   RO         2628    .conststring        freertos.o
    0x08003eb8   0x00000025   Data   RO         4046    .conststring        ctask.o
    0x08003edd   0x00000003   PAD
    0x08003ee0   0x00000020   Data   RO         4126    Region$$Table       anon$$obj.o


    Execution Region RW_IRAM1 (Base: 0x20000000, Size: 0x00001318, Max: 0x00004000, ABSOLUTE)

    Base Addr    Size         Type   Attr      Idx    E Section Name        Object

    0x20000000   0x00000004   Data   RW         1018    .data               stm32l1xx_hal.o
    0x20000004   0x00000004   Data   RW         2629    .data               freertos.o
    0x20000008   0x00000004   Data   RW         2799    .data               system_stm32l1xx.o
    0x2000000c   0x00000018   Data   RW         2845    .data               heap_4.o
    0x20000024   0x0000000c   Data   RW         2906    .data               port.o
    0x20000030   0x00000038   Data   RW         3572    .data               tasks.o
    0x20000068   0x00000004   Data   RW         4005    .data               mi2c.o
    0x2000006c   0x00000010   Data   RW         4048    .data               ctask.o
    0x2000007c   0x00000018   Zero   RW         1308    .bss                stm32l1xx_hal_flash.o
    0x20000094   0x000000b0   Zero   RW         2547    .bss                usart.o
    0x20000144   0x00000038   Zero   RW         2589    .bss                stm32l1xx_hal_timebase_tim.o
    0x2000017c   0x000000ac   Zero   RW         2711    .bss                i2c.o
    0x20000228   0x00000c00   Zero   RW         2844    .bss                heap_4.o
    0x20000e28   0x000000f0   Zero   RW         3571    .bss                tasks.o
    0x20000f18   0x00000400   Zero   RW         2830    STACK               startup_stm32l152xb.o


==============================================================================

Image component sizes


      Code (inc. data)   RO Data    RW Data    ZI Data      Debug   Object Name

        80          8          0          0          0       1089   cleds.o
       292         10          0          0          0      11419   cmsis_os.o
       346         46         97         16          0       4475   ctask.o
        86          0          0          0          0       1251   datastruct.o
        92          4          0          0          0        742   dma.o
        60         10         32          4          0       7298   freertos.o
       272         20          0          0          0        971   gpio.o
       412         24          0         24       3072       5639   heap_4.o
       280         36          0          0        172       1751   i2c.o
       136          0          0          0          0       3334   list.o
       194         10          0          0          0       2492   main.o
       236         16          0          4          0       1887   mi2c.o
       582         78          0         12          0       8462   port.o
      1062          0          0          0          0       8622   queue.o
        36          8        244          0       1024        760   startup_stm32l152xb.o
        50         12          0          4          0       2419   stm32l1xx_hal.o
       218         14          0          0          0      27941   stm32l1xx_hal_cortex.o
       818          4          0          0          0       3575   stm32l1xx_hal_dma.o
       284         22          0          0         24       2550   stm32l1xx_hal_flash.o
        40          8          0          0          0       2289   stm32l1xx_hal_flash_ex.o
         0          0          0          0          0     264448   stm32l1xx_hal_flash_ramfunc.o
       414         32          0          0          0       2937   stm32l1xx_hal_gpio.o
      2470         42          0          0          0      17167   stm32l1xx_hal_i2c.o
       148          6          0          0          0        882   stm32l1xx_hal_msp.o
        16          6          0          0          0        532   stm32l1xx_hal_pwr_ex.o
      2664        108         13          0          0       7566   stm32l1xx_hal_rcc.o
       490         22          0          0          0       6453   stm32l1xx_hal_tim.o
       112         12          0          0         56       1416   stm32l1xx_hal_timebase_tim.o
      1260          6          0          0          0       5731   stm32l1xx_hal_uart.o
       116         48          0          0          0      28402   stm32l1xx_it.o
        80         18         33          4          0       1411   system_stm32l1xx.o
      1856        148          0         56        240      18340   tasks.o
       244         28          0          0        176       1780   usart.o

    ----------------------------------------------------------------------
     15482        806        460        124       4764     456031   Object Totals
         0          0         32          0          0          0   (incl. Generated)
        36          0          9          0          0          0   (incl. Padding)

    ----------------------------------------------------------------------

      Code (inc. data)   RO Data    RW Data    ZI Data      Debug   Library Member Name

         0          0          0          0          0          0   entry.o
         0          0          0          0          0          0   entry10a.o
         0          0          0          0          0          0   entry11a.o
         8          4          0          0          0          0   entry2.o
         4          0          0          0          0          0   entry5.o
         0          0          0          0          0          0   entry7b.o
         0          0          0          0          0          0   entry8b.o
         8          4          0          0          0          0   entry9a.o
        30          0          0          0          0          0   handlers.o
        36          8          0          0          0         68   init.o
        64          0          0          0          0         76   memmovea.o
        36          0          0          0          0        108   memseta.o

    ----------------------------------------------------------------------
       186         16          0          0          0        252   Library Totals
         0          0          0          0          0          0   (incl. Padding)

    ----------------------------------------------------------------------

      Code (inc. data)   RO Data    RW Data    ZI Data      Debug   Library Name

       186         16          0          0          0        252   mc_w.l

    ----------------------------------------------------------------------
       186         16          0          0          0        252   Library Totals

    ----------------------------------------------------------------------

==============================================================================


      Code (inc. data)   RO Data    RW Data    ZI Data      Debug   

     15668        822        460        124       4764     448011   Grand Totals
     15668        822        460        124       4764     448011   ELF Image Totals
     15668        822        460        124          0          0   ROM Totals

==============================================================================

    Total RO  Size (Code + RO Data)                16128 (  15.75kB)
    Total RW  Size (RW Data + ZI Data)              4888 (   4.77kB)
    Total ROM Size (Code + RO Data + RW Data)      16252 (  15.87kB)

==============================================================================

