<html>
<body>
<pre>
<h1>礦ision Build Log</h1>
<h2>Tool Versions:</h2>
IDE-Version: μVision V5.20.0.0
Copyright (C) 2016 ARM Ltd and ARM Germany GmbH. All rights reserved.
License Information: Dong Yang, tj, LIC=1WSII-T3INM-34QST-RXUCV-JZCPY-TYWVS
 
Tool Versions:
Toolchain:       MDK-ARM Professional  Version: 5.20
Toolchain Path:  D:\Keil\ARM\ARMCC\Bin
C Compiler:      Armcc.exe V5.06 update 2 (build 183)
Assembler:       Armasm.exe V5.06 update 2 (build 183)
Linker/Locator:  ArmLink.exe V5.06 update 2 (build 183)
Library Manager: ArmAr.exe V5.06 update 2 (build 183)
Hex Converter:   FromElf.exe V5.06 update 2 (build 183)
CPU DLL:         SARMCM3.DLL V5.20
Dialog DLL:      DCM.DLL V1.13.7.0
Target DLL:      STLink\ST-LINKIII-KEIL_SWO.dll V2.0.18.0
Dialog DLL:      TCM.DLL V1.14.9.0
 
<h2>Project:</h2>
E:\Documents\cdiProject - 副本\MasterBoot\MDK-ARM\Master.uvprojx
Project File Date:  11/20/2016

<h2>Output:</h2>
*** Using Compiler 'V5.06 update 2 (build 183)', folder: 'D:\Keil\ARM\ARMCC\Bin'
Build target 'Master'
compiling stm32l1xx_hal_flash_ramfunc.c...
compiling stm32l1xx_hal_flash_ex.c...
compiling stm32l1xx_hal_rcc.c...
compiling stm32l1xx_hal.c...
compiling stm32l1xx_hal_pwr_ex.c...
compiling stm32l1xx_hal_tim.c...
compiling stm32l1xx_hal_rcc_ex.c...
compiling stm32l1xx_hal_gpio.c...
compiling stm32l1xx_hal_flash.c...
compiling stm32l1xx_hal_tim_ex.c...
compiling stm32l1xx_hal_dma.c...
compiling stm32l1xx_hal_cortex.c...
compiling stm32l1xx_hal_pwr.c...
compiling stm32l1xx_hal_uart.c...
compiling gpio.c...
compiling dma.c...
compiling stm32l1xx_it.c...
compiling stm32l1xx_hal_msp.c...
compiling usart.c...
compiling stm32l1xx_hal_timebase_TIM.c...
compiling freertos.c...
assembling startup_stm32l152xb.s...
compiling main.c...
compiling system_stm32l1xx.c...
compiling heap_4.c...
compiling croutine.c...
compiling port.c...
compiling event_groups.c...
compiling cmsis_os.c...
compiling queue.c...
compiling list.c...
compiling timers.c...
compiling tasks.c...
compiling cLEDs.c...
compiling cTask.c...
compiling cWIFI.c...
linking...
Program Size: Code=10968 RO-data=396 RW-data=160 ZI-data=5664  
"Master\Master.axf" - 0 Error(s), 0 Warning(s).

<h2>Software Packages used:</h2>

Package Vendor: ARM
                http://www.keil.com/pack/ARM.CMSIS.4.5.0.pack
                ARM::CMSIS:CORE:4.3.0
                CMSIS (Cortex Microcontroller Software Interface Standard)
   * Component: CORE Version: 4.3.0

<h2>Collection of Component include folders:</h2>
  E:\Documents\cdiProject - 副本\MasterBoot\MDK-ARM\RTE
  D:\Keil\ARM\PACK\ARM\CMSIS\4.5.0\CMSIS\Include
  D:\Keil\ARM\PACK\Keil\STM32L1xx_DFP\1.0.2\Device\Include

<h2>Collection of Component Files used:</h2>

   * Component: ARM::CMSIS:CORE:4.3.0
Build Time Elapsed:  00:00:10
</pre>
</body>
</html>
